ARM Linker, 4.1 [Build 481] [Standard]

==============================================================================

Section Cross References

    system_stm32f10x.o(.text) refers to system_stm32f10x.o(.data) for SystemCoreClock
    stm32f10x_gpio.o(.text) refers to stm32f10x_rcc.o(.text) for RCC_APB2PeriphResetCmd
    stm32f10x_rcc.o(.text) refers to stm32f10x_rcc.o(.data) for APBAHBPrescTable
    stm32f10x_usart.o(.text) refers to stm32f10x_rcc.o(.text) for RCC_APB2PeriphResetCmd
    stm32f10x_bkp.o(.text) refers to stm32f10x_rcc.o(.text) for RCC_BackupResetCmd
    stm32f10x_pwr.o(.text) refers to stm32f10x_rcc.o(.text) for RCC_APB1PeriphResetCmd
    stm32f10x_i2c.o(.text) refers to stm32f10x_rcc.o(.text) for RCC_APB1PeriphResetCmd
    stm32f10x_adc.o(.text) refers to stm32f10x_rcc.o(.text) for RCC_APB2PeriphResetCmd
    stm32f10x_spi.o(.text) refers to stm32f10x_rcc.o(.text) for RCC_APB2PeriphResetCmd
    stm32f10x_can.o(.text) refers to stm32f10x_rcc.o(.text) for RCC_APB1PeriphResetCmd
    startup_stm32f10x_md.o(STACK) refers (Special) to heapauxi.o(.text) for __use_two_region_memory
    startup_stm32f10x_md.o(HEAP) refers (Special) to heapauxi.o(.text) for __use_two_region_memory
    startup_stm32f10x_md.o(RESET) refers (Special) to heapauxi.o(.text) for __use_two_region_memory
    startup_stm32f10x_md.o(RESET) refers to startup_stm32f10x_md.o(STACK) for __initial_sp
    startup_stm32f10x_md.o(RESET) refers to startup_stm32f10x_md.o(.text) for Reset_Handler
    startup_stm32f10x_md.o(RESET) refers to stm32f10x_it.o(.text) for NMI_Handler
    startup_stm32f10x_md.o(RESET) refers to rtc.o(.text) for RTC_IRQHandler
    startup_stm32f10x_md.o(RESET) refers to can.o(.text) for USB_LP_CAN1_RX0_IRQHandler
    startup_stm32f10x_md.o(RESET) refers to usart.o(.text) for USART1_IRQHandler
    startup_stm32f10x_md.o(.text) refers (Special) to heapauxi.o(.text) for __use_two_region_memory
    startup_stm32f10x_md.o(.text) refers to system_stm32f10x.o(.text) for SystemInit
    startup_stm32f10x_md.o(.text) refers to __main.o(!!!main) for __main
    startup_stm32f10x_md.o(.text) refers to startup_stm32f10x_md.o(HEAP) for Heap_Mem
    startup_stm32f10x_md.o(.text) refers to startup_stm32f10x_md.o(STACK) for Stack_Mem
    main.o(.text) refers to _printf_pad.o(.text) for _printf_pre_padding
    main.o(.text) refers to _printf_percent.o(.ARM.Collect$$_printf_percent$$00000000) for _printf_percent
    main.o(.text) refers to _printf_x.o(.ARM.Collect$$_printf_percent$$0000000C) for _printf_x
    main.o(.text) refers to _printf_hex_int_ll_ptr.o(.text) for _printf_longlong_hex
    main.o(.text) refers to _printf_s.o(.ARM.Collect$$_printf_percent$$00000014) for _printf_s
    main.o(.text) refers to _printf_str.o(.text) for _printf_str
    main.o(.text) refers to _printf_d.o(.ARM.Collect$$_printf_percent$$00000009) for _printf_d
    main.o(.text) refers to _printf_dec.o(.text) for _printf_int_dec
    main.o(.text) refers to stm32f10x_gpio.o(.text) for GPIO_Init
    main.o(.text) refers to rcc.o(.text) for RCC_Configuration
    main.o(.text) refers to rtc.o(.text) for RTC_Config
    main.o(.text) refers to relay.o(.text) for RELAY_Init
    main.o(.text) refers to step_motor.o(.text) for STEP_MOTOR_Init
    main.o(.text) refers to tm1640.o(.text) for TM1640_Init
    main.o(.text) refers to buzzer.o(.text) for BUZZER_Init
    main.o(.text) refers to usart.o(.text) for USART1_Init
    main.o(.text) refers to led.o(.text) for LED_Init
    main.o(.text) refers to touch_key.o(.text) for TOUCH_KEY_Init
    main.o(.text) refers to adc.o(.text) for ADC_Configuration
    main.o(.text) refers to i2c.o(.text) for I2C_Configuration
    main.o(.text) refers to oled0561.o(.text) for OLED0561_Init
    main.o(.text) refers to my1690.o(.text) for MY1690_Init
    main.o(.text) refers to delay.o(.text) for delay_ms
    main.o(.text) refers to key.o(.text) for KEY1
    main.o(.text) refers to lm75a.o(.text) for LM75A_GetTemp
    main.o(.text) refers to adc.o(.data) for ADC_ConvertedValue
    main.o(.text) refers to rtc.o(.data) for rday
    main.o(.text) refers to encoder.o(.text) for ENCODER_Init
    main.o(.text) refers to can.o(.text) for CAN1_Configuration
    main.o(.text) refers to rs485.o(.text) for RS485_Init
    main.o(.text) refers to usart.o(.data) for USART3_RX_STA
    main.o(.text) refers to spi.o(.text) for SPI2_Init
    main.o(.text) refers to __2printf.o(.text) for __2printf
    main.o(.text) refers to ch376.o(.text) for mInitCH376Host
    main.o(.text) refers to filesys.o(.text) for CH376DiskConnect
    main.o(.text) refers to strcpy.o(.text) for strcpy
    main.o(.text) refers to strlen.o(.text) for strlen
    main.o(.text) refers to main.o(.bss) for buf
    sys.o(.text) refers to misc.o(.text) for NVIC_PriorityGroupConfig
    rtc.o(.text) refers to stm32f10x_rcc.o(.text) for RCC_APB1PeriphClockCmd
    rtc.o(.text) refers to stm32f10x_pwr.o(.text) for PWR_BackupAccessCmd
[...]
    __scatterload_zeroinit                   0x08000145   Thumb Code    28  __scatter_zi.o(!!handler_zi)
    _printf_n                                0x08000161   Thumb Code     0  _printf_n.o(.ARM.Collect$$_printf_percent$$00000001)
    _printf_percent                          0x08000161   Thumb Code     0  _printf_percent.o(.ARM.Collect$$_printf_percent$$00000000)
    _printf_p                                0x08000167   Thumb Code     0  _printf_p.o(.ARM.Collect$$_printf_percent$$00000002)
    _printf_f                                0x0800016d   Thumb Code     0  _printf_f.o(.ARM.Collect$$_printf_percent$$00000003)
    _printf_e                                0x08000173   Thumb Code     0  _printf_e.o(.ARM.Collect$$_printf_percent$$00000004)
    _printf_g                                0x08000179   Thumb Code     0  _printf_g.o(.ARM.Collect$$_printf_percent$$00000005)
    _printf_a                                0x0800017f   Thumb Code     0  _printf_a.o(.ARM.Collect$$_printf_percent$$00000006)
    _printf_ll                               0x08000185   Thumb Code     0  _printf_ll.o(.ARM.Collect$$_printf_percent$$00000007)
    _printf_i                                0x0800018f   Thumb Code     0  _printf_i.o(.ARM.Collect$$_printf_percent$$00000008)
    _printf_d                                0x08000195   Thumb Code     0  _printf_d.o(.ARM.Collect$$_printf_percent$$00000009)
    _printf_u                                0x0800019b   Thumb Code     0  _printf_u.o(.ARM.Collect$$_printf_percent$$0000000A)
    _printf_o                                0x080001a1   Thumb Code     0  _printf_o.o(.ARM.Collect$$_printf_percent$$0000000B)
    _printf_x                                0x080001a7   Thumb Code     0  _printf_x.o(.ARM.Collect$$_printf_percent$$0000000C)
    _printf_lli                              0x080001ad   Thumb Code     0  _printf_lli.o(.ARM.Collect$$_printf_percent$$0000000D)
    _printf_lld                              0x080001b3   Thumb Code     0  _printf_lld.o(.ARM.Collect$$_printf_percent$$0000000E)
    _printf_llu                              0x080001b9   Thumb Code     0  _printf_llu.o(.ARM.Collect$$_printf_percent$$0000000F)
    _printf_llo                              0x080001bf   Thumb Code     0  _printf_llo.o(.ARM.Collect$$_printf_percent$$00000010)
    _printf_llx                              0x080001c5   Thumb Code     0  _printf_llx.o(.ARM.Collect$$_printf_percent$$00000011)
    _printf_l                                0x080001cb   Thumb Code     0  _printf_l.o(.ARM.Collect$$_printf_percent$$00000012)
    _printf_c                                0x080001d5   Thumb Code     0  _printf_c.o(.ARM.Collect$$_printf_percent$$00000013)
    _printf_s                                0x080001db   Thumb Code     0  _printf_s.o(.ARM.Collect$$_printf_percent$$00000014)
    _printf_lc                               0x080001e1   Thumb Code     0  _printf_lc.o(.ARM.Collect$$_printf_percent$$00000015)
    _printf_ls                               0x080001e7   Thumb Code     0  _printf_ls.o(.ARM.Collect$$_printf_percent$$00000016)
    _printf_percent_end                      0x080001ed   Thumb Code     0  _printf_percent_end.o(.ARM.Collect$$_printf_percent$$00000017)
    __rt_lib_init                            0x080001f1   Thumb Code     0  libinit.o(.ARM.Collect$$libinit$$00000000)
    __rt_lib_init_heap_1                     0x080001f7   Thumb Code     0  libinit2.o(.ARM.Collect$$libinit$$00000006)
    __rt_lib_init_lc_common                  0x080001f7   Thumb Code     0  libinit2.o(.ARM.Collect$$libinit$$0000000B)
    __rt_lib_init_rand_1                     0x080001f7   Thumb Code     0  libinit2.o(.ARM.Collect$$libinit$$0000000A)
    __rt_lib_init_user_alloc_1               0x080001f7   Thumb Code     0  libinit2.o(.ARM.Collect$$libinit$$00000008)
    __rt_lib_init_lc_collate_1               0x080001fd   Thumb Code     0  libinit2.o(.ARM.Collect$$libinit$$0000000D)
    __rt_lib_init_lc_ctype_2                 0x080001fd   Thumb Code     0  libinit2.o(.ARM.Collect$$libinit$$0000000E)
    __rt_lib_init_lc_ctype_1                 0x08000209   Thumb Code     0  libinit2.o(.ARM.Collect$$libinit$$0000000F)
    __rt_lib_init_lc_monetary_1              0x08000209   Thumb Code     0  libinit2.o(.ARM.Collect$$libinit$$00000011)
    __rt_lib_init_lc_numeric_2               0x08000209   Thumb Code     0  libinit2.o(.ARM.Collect$$libinit$$00000012)
    __rt_lib_init_alloca_1                   0x08000213   Thumb Code     0  libinit2.o(.ARM.Collect$$libinit$$0000002A)
    __rt_lib_init_argv_1                     0x08000213   Thumb Code     0  libinit2.o(.ARM.Collect$$libinit$$00000028)
    __rt_lib_init_atexit_1                   0x08000213   Thumb Code     0  libinit2.o(.ARM.Collect$$libinit$$00000017)
    __rt_lib_init_clock_1                    0x08000213   Thumb Code     0  libinit2.o(.ARM.Collect$$libinit$$0000001D)
    __rt_lib_init_cpp_1                      0x08000213   Thumb Code     0  libinit2.o(.ARM.Collect$$libinit$$0000002E)
    __rt_lib_init_exceptions_1               0x08000213   Thumb Code     0  libinit2.o(.ARM.Collect$$libinit$$0000002C)
    __rt_lib_init_fp_trap_1                  0x08000213   Thumb Code     0  libinit2.o(.ARM.Collect$$libinit$$0000001B)
    __rt_lib_init_getenv_1                   0x08000213   Thumb Code     0  libinit2.o(.ARM.Collect$$libinit$$0000001F)
    __rt_lib_init_lc_numeric_1               0x08000213   Thumb Code     0  libinit2.o(.ARM.Collect$$libinit$$00000013)
    __rt_lib_init_lc_time_1                  0x08000213   Thumb Code     0  libinit2.o(.ARM.Collect$$libinit$$00000015)
    __rt_lib_init_return                     0x08000213   Thumb Code     0  libinit2.o(.ARM.Collect$$libinit$$0000002F)
    __rt_lib_init_signal_1                   0x08000213   Thumb Code     0  libinit2.o(.ARM.Collect$$libinit$$00000019)
    __rt_lib_init_stdio_1                    0x08000213   Thumb Code     0  libinit2.o(.ARM.Collect$$libinit$$00000021)
    __rt_lib_shutdown                        0x08000215   Thumb Code     0  libshutdown.o(.ARM.Collect$$libshutdown$$00000000)
    __rt_lib_shutdown_fp_trap_1              0x08000217   Thumb Code     0  libshutdown2.o(.ARM.Collect$$libshutdown$$00000006)
    __rt_lib_shutdown_heap_1                 0x08000217   Thumb Code     0  libshutdown2.o(.ARM.Collect$$libshutdown$$0000000E)
    __rt_lib_shutdown_return                 0x08000217   Thumb Code     0  libshutdown2.o(.ARM.Collect$$libshutdown$$0000000F)
    __rt_lib_shutdown_signal_1               0x08000217   Thumb Code     0  libshutdown2.o(.ARM.Collect$$libshutdown$$00000009)
    __rt_lib_shutdown_stdio_1                0x08000217   Thumb Code     0  libshutdown2.o(.ARM.Collect$$libshutdown$$00000003)
    __rt_lib_shutdown_user_alloc_1           0x08000217   Thumb Code     0  libshutdown2.o(.ARM.Collect$$libshutdown$$0000000B)
    __rt_entry                               0x08000219   Thumb Code     0  rtentry.o(.ARM.Collect$$rtentry$$00000000)
    __rt_entry_presh_1                       0x08000219   Thumb Code     0  rtentry2.o(.ARM.Collect$$rtentry$$00000002)
    __rt_entry_sh                            0x08000219   Thumb Code     0  rtentry4.o(.ARM.Collect$$rtentry$$00000004)
    __rt_entry_li                            0x0800021f   Thumb Code     0  rtentry2.o(.ARM.Collect$$rtentry$$0000000A)
    __rt_entry_postsh_1                      0x0800021f   Thumb Code     0  rtentry2.o(.ARM.Collect$$rtentry$$00000009)
    __rt_entry_main                          0x08000223   Thumb Code     0  rtentry2.o(.ARM.Collect$$rtentry$$0000000D)
    __rt_entry_postli_1                      0x08000223   Thumb Code     0  rtentry2.o(.ARM.Collect$$rtentry$$0000000C)
    __rt_exit                                0x0800022b   Thumb Code     0  rtexit.o(.ARM.Collect$$rtexit$$00000000)
    __rt_exit_ls                             0x0800022d   Thumb Code     0  rtexit2.o(.ARM.Collect$$rtexit$$00000003)
    __rt_exit_prels_1                        0x0800022d   Thumb Code     0  rtexit2.o(.ARM.Collect$$rtexit$$00000002)
    __rt_exit_exit                           0x08000231   Thumb Code     0  rtexit2.o(.ARM.Collect$$rtexit$$00000004)
    SystemInit                               0x08000301   Thumb Code    78  system_stm32f10x.o(.text)
    SystemCoreClockUpdate                    0x0800034f   Thumb Code   142  system_stm32f10x.o(.text)
    NVIC_PriorityGroupConfig                 0x08000401   Thumb Code    10  misc.o(.text)
    NVIC_Init                                0x0800040b   Thumb Code   118  misc.o(.text)
    NVIC_SetVectorTable                      0x08000481   Thumb Code    12  misc.o(.text)
    NVIC_SystemLPConfig                      0x0800048d   Thumb Code    38  misc.o(.text)
    SysTick_CLKSourceConfig                  0x080004b3   Thumb Code    40  misc.o(.text)
    GPIO_DeInit                              0x080004f9   Thumb Code   172  stm32f10x_gpio.o(.text)
    GPIO_AFIODeInit                          0x080005a5   Thumb Code    20  stm32f10x_gpio.o(.text)
    GPIO_Init                                0x080005b9   Thumb Code   274  stm32f10x_gpio.o(.text)
    GPIO_StructInit                          0x080006cb   Thumb Code    16  stm32f10x_gpio.o(.text)
    GPIO_ReadInputDataBit                    0x080006db   Thumb Code    18  stm32f10x_gpio.o(.text)
    GPIO_ReadInputData                       0x080006ed   Thumb Code     8  stm32f10x_gpio.o(.text)
    GPIO_ReadOutputDataBit                   0x080006f5   Thumb Code    18  stm32f10x_gpio.o(.text)
    GPIO_ReadOutputData                      0x08000707   Thumb Code     8  stm32f10x_gpio.o(.text)
    GPIO_SetBits                             0x0800070f   Thumb Code     4  stm32f10x_gpio.o(.text)
    GPIO_ResetBits                           0x08000713   Thumb Code     4  stm32f10x_gpio.o(.text)
    GPIO_WriteBit                            0x08000717   Thumb Code    10  stm32f10x_gpio.o(.text)
    GPIO_Write                               0x08000721   Thumb Code     4  stm32f10x_gpio.o(.text)
    GPIO_PinLockConfig                       0x08000725   Thumb Code    18  stm32f10x_gpio.o(.text)
    GPIO_EventOutputConfig                   0x08000737   Thumb Code    26  stm32f10x_gpio.o(.text)
    GPIO_EventOutputCmd                      0x08000751   Thumb Code     6  stm32f10x_gpio.o(.text)
    GPIO_PinRemapConfig                      0x08000757   Thumb Code   138  stm32f10x_gpio.o(.text)
    GPIO_EXTILineConfig                      0x080007e1   Thumb Code    66  stm32f10x_gpio.o(.text)
    GPIO_ETH_MediaInterfaceConfig            0x08000823   Thumb Code     6  stm32f10x_gpio.o(.text)
    RCC_DeInit                               0x08000851   Thumb Code    64  stm32f10x_rcc.o(.text)
    RCC_HSEConfig                            0x08000891   Thumb Code    70  stm32f10x_rcc.o(.text)
    RCC_GetFlagStatus                        0x080008d7   Thumb Code    56  stm32f10x_rcc.o(.text)
    RCC_WaitForHSEStartUp                    0x0800090f   Thumb Code    48  stm32f10x_rcc.o(.text)
    RCC_AdjustHSICalibrationValue            0x0800093f   Thumb Code    20  stm32f10x_rcc.o(.text)
    RCC_HSICmd                               0x08000953   Thumb Code     6  stm32f10x_rcc.o(.text)
    RCC_PLLConfig                            0x08000959   Thumb Code    24  stm32f10x_rcc.o(.text)
    RCC_PLLCmd                               0x08000971   Thumb Code     6  stm32f10x_rcc.o(.text)
    RCC_SYSCLKConfig                         0x08000977   Thumb Code    18  stm32f10x_rcc.o(.text)
    RCC_GetSYSCLKSource                      0x08000989   Thumb Code    10  stm32f10x_rcc.o(.text)
    RCC_HCLKConfig                           0x08000993   Thumb Code    18  stm32f10x_rcc.o(.text)
    RCC_PCLK1Config                          0x080009a5   Thumb Code    18  stm32f10x_rcc.o(.text)
    RCC_PCLK2Config                          0x080009b7   Thumb Code    20  stm32f10x_rcc.o(.text)
    RCC_ITConfig                             0x080009cb   Thumb Code    30  stm32f10x_rcc.o(.text)
    RCC_USBCLKConfig                         0x080009e9   Thumb Code     6  stm32f10x_rcc.o(.text)
    RCC_ADCCLKConfig                         0x080009ef   Thumb Code    18  stm32f10x_rcc.o(.text)
    RCC_LSEConfig                            0x08000a01   Thumb Code    44  stm32f10x_rcc.o(.text)
    RCC_LSICmd                               0x08000a2d   Thumb Code     6  stm32f10x_rcc.o(.text)
    RCC_RTCCLKConfig                         0x08000a33   Thumb Code    12  stm32f10x_rcc.o(.text)
    RCC_RTCCLKCmd                            0x08000a3f   Thumb Code     6  stm32f10x_rcc.o(.text)
    RCC_GetClocksFreq                        0x08000a45   Thumb Code   192  stm32f10x_rcc.o(.text)
    RCC_AHBPeriphClockCmd                    0x08000b05   Thumb Code    26  stm32f10x_rcc.o(.text)
    RCC_APB2PeriphClockCmd                   0x08000b1f   Thumb Code    26  stm32f10x_rcc.o(.text)
    RCC_APB1PeriphClockCmd                   0x08000b39   Thumb Code    26  stm32f10x_rcc.o(.text)
    RCC_APB2PeriphResetCmd                   0x08000b53   Thumb Code    26  stm32f10x_rcc.o(.text)
    RCC_APB1PeriphResetCmd                   0x08000b6d   Thumb Code    26  stm32f10x_rcc.o(.text)
    RCC_BackupResetCmd                       0x08000b87   Thumb Code     6  stm32f10x_rcc.o(.text)
    RCC_ClockSecuritySystemCmd               0x08000b8d   Thumb Code     6  stm32f10x_rcc.o(.text)
    RCC_MCOConfig                            0x08000b93   Thumb Code     6  stm32f10x_rcc.o(.text)
    RCC_ClearFlag                            0x08000b99   Thumb Code    14  stm32f10x_rcc.o(.text)
    RCC_GetITStatus                          0x08000ba7   Thumb Code    20  stm32f10x_rcc.o(.text)
    RCC_ClearITPendingBit                    0x08000bbb   Thumb Code     6  stm32f10x_rcc.o(.text)
    USART_DeInit                             0x08000bf5   Thumb Code   134  stm32f10x_usart.o(.text)
    USART_Init                               0x08000c7b   Thumb Code   210  stm32f10x_usart.o(.text)
    USART_StructInit                         0x08000d4d   Thumb Code    24  stm32f10x_usart.o(.text)
    USART_ClockInit                          0x08000d65   Thumb Code    34  stm32f10x_usart.o(.text)
    USART_ClockStructInit                    0x08000d87   Thumb Code    12  stm32f10x_usart.o(.text)
    USART_Cmd                                0x08000d93   Thumb Code    24  stm32f10x_usart.o(.text)
    USART_ITConfig                           0x08000dab   Thumb Code    74  stm32f10x_usart.o(.text)
    USART_DMACmd                             0x08000df5   Thumb Code    24  stm32f10x_usart.o(.text)
    USART_SetAddress                         0x08000e0d   Thumb Code    18  stm32f10x_usart.o(.text)
    USART_WakeUpConfig                       0x08000e1f   Thumb Code    18  stm32f10x_usart.o(.text)
    USART_ReceiverWakeUpCmd                  0x08000e31   Thumb Code    24  stm32f10x_usart.o(.text)
    USART_LINBreakDetectLengthConfig         0x08000e49   Thumb Code    18  stm32f10x_usart.o(.text)
    USART_LINCmd                             0x08000e5b   Thumb Code    24  stm32f10x_usart.o(.text)
    USART_SendData                           0x08000e73   Thumb Code     8  stm32f10x_usart.o(.text)
    USART_ReceiveData                        0x08000e7b   Thumb Code    10  stm32f10x_usart.o(.text)
    USART_SendBreak                          0x08000e85   Thumb Code    10  stm32f10x_usart.o(.text)
    USART_SetGuardTime                       0x08000e8f   Thumb Code    16  stm32f10x_usart.o(.text)
    USART_SetPrescaler                       0x08000e9f   Thumb Code    16  stm32f10x_usart.o(.text)
    USART_SmartCardCmd                       0x08000eaf   Thumb Code    24  stm32f10x_usart.o(.text)
    USART_SmartCardNACKCmd                   0x08000ec7   Thumb Code    24  stm32f10x_usart.o(.text)
    USART_HalfDuplexCmd                      0x08000edf   Thumb Code    24  stm32f10x_usart.o(.text)
    USART_OverSampling8Cmd                   0x08000ef7   Thumb Code    22  stm32f10x_usart.o(.text)
    USART_OneBitMethodCmd                    0x08000f0d   Thumb Code    24  stm32f10x_usart.o(.text)
    USART_IrDAConfig                         0x08000f25   Thumb Code    18  stm32f10x_usart.o(.text)
    USART_IrDACmd                            0x08000f37   Thumb Code    24  stm32f10x_usart.o(.text)
    USART_GetFlagStatus                      0x08000f4f   Thumb Code    26  stm32f10x_usart.o(.text)
    USART_ClearFlag                          0x08000f69   Thumb Code    18  stm32f10x_usart.o(.text)
    USART_GetITStatus                        0x08000f7b   Thumb Code    84  stm32f10x_usart.o(.text)
    USART_ClearITPendingBit                  0x08000fcf   Thumb Code    50  stm32f10x_usart.o(.text)
    BKP_DeInit                               0x08001001   Thumb Code    16  stm32f10x_bkp.o(.text)
    BKP_TamperPinLevelConfig                 0x08001011   Thumb Code     6  stm32f10x_bkp.o(.text)
    BKP_TamperPinCmd                         0x08001017   Thumb Code     6  stm32f10x_bkp.o(.text)
    BKP_ITConfig                             0x0800101d   Thumb Code     6  stm32f10x_bkp.o(.text)
    BKP_RTCOutputConfig                      0x08001023   Thumb Code    28  stm32f10x_bkp.o(.text)
    BKP_SetRTCCalibrationValue               0x0800103f   Thumb Code    28  stm32f10x_bkp.o(.text)
    BKP_WriteBackupRegister                  0x0800105b   Thumb Code    12  stm32f10x_bkp.o(.text)
    BKP_ReadBackupRegister                   0x08001067   Thumb Code    14  stm32f10x_bkp.o(.text)
    BKP_GetFlagStatus                        0x08001075   Thumb Code     8  stm32f10x_bkp.o(.text)
    BKP_ClearFlag                            0x0800107d   Thumb Code    16  stm32f10x_bkp.o(.text)
    BKP_GetITStatus                          0x0800108d   Thumb Code     8  stm32f10x_bkp.o(.text)
    BKP_ClearITPendingBit                    0x08001095   Thumb Code    16  stm32f10x_bkp.o(.text)
    PWR_DeInit                               0x080010c5   Thumb Code    22  stm32f10x_pwr.o(.text)
    PWR_BackupAccessCmd                      0x080010db   Thumb Code     6  stm32f10x_pwr.o(.text)
    PWR_PVDCmd                               0x080010e1   Thumb Code     6  stm32f10x_pwr.o(.text)
    PWR_PVDLevelConfig                       0x080010e7   Thumb Code    18  stm32f10x_pwr.o(.text)
    PWR_WakeUpPinCmd                         0x080010f9   Thumb Code     6  stm32f10x_pwr.o(.text)
    PWR_EnterSTOPMode                        0x080010ff   Thumb Code    62  stm32f10x_pwr.o(.text)
    PWR_EnterSTANDBYMode                     0x0800113d   Thumb Code    46  stm32f10x_pwr.o(.text)
    PWR_GetFlagStatus                        0x0800116b   Thumb Code    20  stm32f10x_pwr.o(.text)
    PWR_ClearFlag                            0x0800117f   Thumb Code    14  stm32f10x_pwr.o(.text)
    RTC_ITConfig                             0x0800119d   Thumb Code    40  stm32f10x_rtc.o(.text)
    RTC_EnterConfigMode                      0x080011c5   Thumb Code    16  stm32f10x_rtc.o(.text)
    RTC_ExitConfigMode                       0x080011d5   Thumb Code    20  stm32f10x_rtc.o(.text)
    RTC_GetCounter                           0x080011e9   Thumb Code    18  stm32f10x_rtc.o(.text)
    RTC_SetCounter                           0x080011fb   Thumb Code    26  stm32f10x_rtc.o(.text)
    RTC_SetPrescaler                         0x08001215   Thumb Code    28  stm32f10x_rtc.o(.text)
    RTC_SetAlarm                             0x08001231   Thumb Code    26  stm32f10x_rtc.o(.text)
    RTC_GetDivider                           0x0800124b   Thumb Code    26  stm32f10x_rtc.o(.text)
    RTC_WaitForLastTask                      0x08001265   Thumb Code    14  stm32f10x_rtc.o(.text)
    RTC_WaitForSynchro                       0x08001273   Thumb Code    32  stm32f10x_rtc.o(.text)
    RTC_GetFlagStatus                        0x08001293   Thumb Code    20  stm32f10x_rtc.o(.text)
    RTC_ClearFlag                            0x080012a7   Thumb Code    22  stm32f10x_rtc.o(.text)
    RTC_GetITStatus                          0x080012bd   Thumb Code    34  stm32f10x_rtc.o(.text)
    RTC_ClearITPendingBit                    0x080012df   Thumb Code    22  stm32f10x_rtc.o(.text)
    FLASH_SetLatency                         0x08001315   Thumb Code    18  stm32f10x_flash.o(.text)
    FLASH_HalfCycleAccessCmd                 0x08001327   Thumb Code    22  stm32f10x_flash.o(.text)
    FLASH_PrefetchBufferCmd                  0x0800133d   Thumb Code    22  stm32f10x_flash.o(.text)
    FLASH_Unlock                             0x08001353   Thumb Code    12  stm32f10x_flash.o(.text)
    FLASH_UnlockBank1                        0x0800135f   Thumb Code    12  stm32f10x_flash.o(.text)
    FLASH_Lock                               0x0800136b   Thumb Code    14  stm32f10x_flash.o(.text)
    FLASH_LockBank1                          0x08001379   Thumb Code    14  stm32f10x_flash.o(.text)
    FLASH_GetBank1Status                     0x08001387   Thumb Code    50  stm32f10x_flash.o(.text)
    FLASH_WaitForLastOperation               0x080013b9   Thumb Code    38  stm32f10x_flash.o(.text)
    FLASH_ErasePage                          0x080013df   Thumb Code    72  stm32f10x_flash.o(.text)
    FLASH_EraseAllPages                      0x08001427   Thumb Code    68  stm32f10x_flash.o(.text)
    FLASH_WaitForLastBank1Operation          0x0800146b   Thumb Code    38  stm32f10x_flash.o(.text)
    FLASH_EraseAllBank1Pages                 0x08001491   Thumb Code    68  stm32f10x_flash.o(.text)
    FLASH_GetReadOutProtectionStatus         0x080014d5   Thumb Code    20  stm32f10x_flash.o(.text)
    FLASH_EraseOptionBytes                   0x080014e9   Thumb Code   152  stm32f10x_flash.o(.text)
    FLASH_ProgramWord                        0x08001581   Thumb Code    96  stm32f10x_flash.o(.text)
    FLASH_ProgramHalfWord                    0x080015e1   Thumb Code    60  stm32f10x_flash.o(.text)
    FLASH_ProgramOptionByteData              0x0800161d   Thumb Code    72  stm32f10x_flash.o(.text)
    FLASH_EnableWriteProtection              0x08001665   Thumb Code   208  stm32f10x_flash.o(.text)
    FLASH_ReadOutProtection                  0x08001735   Thumb Code   156  stm32f10x_flash.o(.text)
    FLASH_UserOptionByteConfig               0x080017d1   Thumb Code    88  stm32f10x_flash.o(.text)
    FLASH_GetUserOptionByte                  0x08001829   Thumb Code     8  stm32f10x_flash.o(.text)
    FLASH_GetWriteProtectionOptionByte       0x08001831   Thumb Code     6  stm32f10x_flash.o(.text)
    FLASH_GetPrefetchBufferStatus            0x08001837   Thumb Code    20  stm32f10x_flash.o(.text)
    FLASH_ITConfig                           0x0800184b   Thumb Code    26  stm32f10x_flash.o(.text)
    FLASH_GetFlagStatus                      0x08001865   Thumb Code    42  stm32f10x_flash.o(.text)
    FLASH_ClearFlag                          0x0800188f   Thumb Code     6  stm32f10x_flash.o(.text)
    FLASH_GetStatus                          0x08001895   Thumb Code    50  stm32f10x_flash.o(.text)
    I2C_DeInit                               0x080018dd   Thumb Code    50  stm32f10x_i2c.o(.text)
    I2C_Init                                 0x0800190f   Thumb Code   222  stm32f10x_i2c.o(.text)
    I2C_StructInit                           0x080019ed   Thumb Code    30  stm32f10x_i2c.o(.text)
    I2C_Cmd                                  0x08001a0b   Thumb Code    24  stm32f10x_i2c.o(.text)
    I2C_DMACmd                               0x08001a23   Thumb Code    24  stm32f10x_i2c.o(.text)
    I2C_DMALastTransferCmd                   0x08001a3b   Thumb Code    24  stm32f10x_i2c.o(.text)
    I2C_GenerateSTART                        0x08001a53   Thumb Code    24  stm32f10x_i2c.o(.text)
    I2C_GenerateSTOP                         0x08001a6b   Thumb Code    24  stm32f10x_i2c.o(.text)
    I2C_AcknowledgeConfig                    0x08001a83   Thumb Code    24  stm32f10x_i2c.o(.text)
    I2C_OwnAddress2Config                    0x08001a9b   Thumb Code    22  stm32f10x_i2c.o(.text)
    I2C_DualAddressCmd                       0x08001ab1   Thumb Code    24  stm32f10x_i2c.o(.text)
    I2C_GeneralCallCmd                       0x08001ac9   Thumb Code    24  stm32f10x_i2c.o(.text)
    I2C_ITConfig                             0x08001ae1   Thumb Code    24  stm32f10x_i2c.o(.text)
    I2C_SendData                             0x08001af9   Thumb Code     4  stm32f10x_i2c.o(.text)
    I2C_ReceiveData                          0x08001afd   Thumb Code     8  stm32f10x_i2c.o(.text)
    I2C_Send7bitAddress                      0x08001b05   Thumb Code    18  stm32f10x_i2c.o(.text)
    I2C_ReadRegister                         0x08001b17   Thumb Code    12  stm32f10x_i2c.o(.text)
    I2C_SoftwareResetCmd                     0x08001b23   Thumb Code    22  stm32f10x_i2c.o(.text)
    I2C_NACKPositionConfig                   0x08001b39   Thumb Code    28  stm32f10x_i2c.o(.text)
    I2C_SMBusAlertConfig                     0x08001b55   Thumb Code    28  stm32f10x_i2c.o(.text)
    I2C_TransmitPEC                          0x08001b71   Thumb Code    24  stm32f10x_i2c.o(.text)
    I2C_PECPositionConfig                    0x08001b89   Thumb Code    28  stm32f10x_i2c.o(.text)
    I2C_CalculatePEC                         0x08001ba5   Thumb Code    24  stm32f10x_i2c.o(.text)
    I2C_GetPEC                               0x08001bbd   Thumb Code     8  stm32f10x_i2c.o(.text)
    I2C_ARPCmd                               0x08001bc5   Thumb Code    24  stm32f10x_i2c.o(.text)
    I2C_StretchClockCmd                      0x08001bdd   Thumb Code    24  stm32f10x_i2c.o(.text)
    I2C_FastModeDutyCycleConfig              0x08001bf5   Thumb Code    28  stm32f10x_i2c.o(.text)
    I2C_CheckEvent                           0x08001c11   Thumb Code    42  stm32f10x_i2c.o(.text)
    I2C_GetLastEvent                         0x08001c3b   Thumb Code    26  stm32f10x_i2c.o(.text)
    I2C_GetFlagStatus                        0x08001c55   Thumb Code    42  stm32f10x_i2c.o(.text)
    I2C_ClearFlag                            0x08001c7f   Thumb Code    12  stm32f10x_i2c.o(.text)
    I2C_GetITStatus                          0x08001c8b   Thumb Code    38  stm32f10x_i2c.o(.text)
    I2C_ClearITPendingBit                    0x08001cb1   Thumb Code    12  stm32f10x_i2c.o(.text)
    ADC_DeInit                               0x08001ccd   Thumb Code    78  stm32f10x_adc.o(.text)
    ADC_Init                                 0x08001d1b   Thumb Code    70  stm32f10x_adc.o(.text)
    ADC_StructInit                           0x08001d61   Thumb Code    18  stm32f10x_adc.o(.text)
    ADC_Cmd                                  0x08001d73   Thumb Code    22  stm32f10x_adc.o(.text)
    ADC_DMACmd                               0x08001d89   Thumb Code    22  stm32f10x_adc.o(.text)
    ADC_ITConfig                             0x08001d9f   Thumb Code    24  stm32f10x_adc.o(.text)
    ADC_ResetCalibration                     0x08001db7   Thumb Code    10  stm32f10x_adc.o(.text)
    ADC_GetResetCalibrationStatus            0x08001dc1   Thumb Code    20  stm32f10x_adc.o(.text)
    ADC_StartCalibration                     0x08001dd5   Thumb Code    10  stm32f10x_adc.o(.text)
    ADC_GetCalibrationStatus                 0x08001ddf   Thumb Code    20  stm32f10x_adc.o(.text)
    ADC_SoftwareStartConvCmd                 0x08001df3   Thumb Code    22  stm32f10x_adc.o(.text)
    ADC_GetSoftwareStartConvStatus           0x08001e09   Thumb Code    20  stm32f10x_adc.o(.text)
    ADC_DiscModeChannelCountConfig           0x08001e1d   Thumb Code    24  stm32f10x_adc.o(.text)
    ADC_DiscModeCmd                          0x08001e35   Thumb Code    22  stm32f10x_adc.o(.text)
    ADC_RegularChannelConfig                 0x08001e4b   Thumb Code   184  stm32f10x_adc.o(.text)
    ADC_ExternalTrigConvCmd                  0x08001f03   Thumb Code    22  stm32f10x_adc.o(.text)
    ADC_GetConversionValue                   0x08001f19   Thumb Code     8  stm32f10x_adc.o(.text)
    ADC_GetDualModeConversionValue           0x08001f21   Thumb Code     6  stm32f10x_adc.o(.text)
    ADC_AutoInjectedConvCmd                  0x08001f27   Thumb Code    22  stm32f10x_adc.o(.text)
    ADC_InjectedDiscModeCmd                  0x08001f3d   Thumb Code    22  stm32f10x_adc.o(.text)
    ADC_ExternalTrigInjectedConvConfig       0x08001f53   Thumb Code    16  stm32f10x_adc.o(.text)
    ADC_ExternalTrigInjectedConvCmd          0x08001f63   Thumb Code    22  stm32f10x_adc.o(.text)
    ADC_SoftwareStartInjectedConvCmd         0x08001f79   Thumb Code    22  stm32f10x_adc.o(.text)
    ADC_GetSoftwareStartInjectedConvCmdStatus 0x08001f8f   Thumb Code    20  stm32f10x_adc.o(.text)
    ADC_InjectedChannelConfig                0x08001fa3   Thumb Code   130  stm32f10x_adc.o(.text)
    ADC_InjectedSequencerLengthConfig        0x08002025   Thumb Code    24  stm32f10x_adc.o(.text)
    ADC_SetInjectedOffset                    0x0800203d   Thumb Code    12  stm32f10x_adc.o(.text)
    ADC_GetInjectedConversionValue           0x08002049   Thumb Code    18  stm32f10x_adc.o(.text)
    ADC_AnalogWatchdogCmd                    0x0800205b   Thumb Code    16  stm32f10x_adc.o(.text)
    ADC_AnalogWatchdogThresholdsConfig       0x0800206b   Thumb Code     6  stm32f10x_adc.o(.text)
    ADC_AnalogWatchdogSingleChannelConfig    0x08002071   Thumb Code    16  stm32f10x_adc.o(.text)
    ADC_TempSensorVrefintCmd                 0x08002081   Thumb Code    34  stm32f10x_adc.o(.text)
    ADC_GetFlagStatus                        0x080020a3   Thumb Code    54  stm32f10x_adc.o(.text)
    ADC_ClearFlag                            0x080020d9   Thumb Code     6  stm32f10x_adc.o(.text)
    ADC_GetITStatus                          0x080020df   Thumb Code    36  stm32f10x_adc.o(.text)
    ADC_ClearITPendingBit                    0x08002103   Thumb Code    10  stm32f10x_adc.o(.text)
    DMA_DeInit                               0x0800210d   Thumb Code   320  stm32f10x_dma.o(.text)
    DMA_Init                                 0x0800224d   Thumb Code    60  stm32f10x_dma.o(.text)
    DMA_StructInit                           0x08002289   Thumb Code    26  stm32f10x_dma.o(.text)
    DMA_Cmd                                  0x080022a3   Thumb Code    24  stm32f10x_dma.o(.text)
    DMA_ITConfig                             0x080022bb   Thumb Code    18  stm32f10x_dma.o(.text)
    DMA_SetCurrDataCounter                   0x080022cd   Thumb Code     4  stm32f10x_dma.o(.text)
    DMA_GetCurrDataCounter                   0x080022d1   Thumb Code     8  stm32f10x_dma.o(.text)
    DMA_GetFlagStatus                        0x080022d9   Thumb Code    34  stm32f10x_dma.o(.text)
    DMA_ClearFlag                            0x080022fb   Thumb Code    18  stm32f10x_dma.o(.text)
    DMA_GetITStatus                          0x0800230d   Thumb Code    34  stm32f10x_dma.o(.text)
    DMA_ClearITPendingBit                    0x0800232f   Thumb Code    18  stm32f10x_dma.o(.text)
    SPI_I2S_DeInit                           0x08002355   Thumb Code    76  stm32f10x_spi.o(.text)
    SPI_Init                                 0x080023a1   Thumb Code    60  stm32f10x_spi.o(.text)
    I2S_Init                                 0x080023dd   Thumb Code   222  stm32f10x_spi.o(.text)
    SPI_StructInit                           0x080024bb   Thumb Code    24  stm32f10x_spi.o(.text)
    I2S_StructInit                           0x080024d3   Thumb Code    20  stm32f10x_spi.o(.text)
    SPI_Cmd                                  0x080024e7   Thumb Code    24  stm32f10x_spi.o(.text)
    I2S_Cmd                                  0x080024ff   Thumb Code    24  stm32f10x_spi.o(.text)
    SPI_I2S_ITConfig                         0x08002517   Thumb Code    36  stm32f10x_spi.o(.text)
    SPI_I2S_DMACmd                           0x0800253b   Thumb Code    24  stm32f10x_spi.o(.text)
    SPI_I2S_SendData                         0x08002553   Thumb Code     4  stm32f10x_spi.o(.text)
    SPI_I2S_ReceiveData                      0x08002557   Thumb Code     6  stm32f10x_spi.o(.text)
    SPI_NSSInternalSoftwareConfig            0x0800255d   Thumb Code    30  stm32f10x_spi.o(.text)
    SPI_SSOutputCmd                          0x0800257b   Thumb Code    24  stm32f10x_spi.o(.text)
    SPI_DataSizeConfig                       0x08002593   Thumb Code    18  stm32f10x_spi.o(.text)
    SPI_TransmitCRC                          0x080025a5   Thumb Code    10  stm32f10x_spi.o(.text)
    SPI_CalculateCRC                         0x080025af   Thumb Code    24  stm32f10x_spi.o(.text)
    SPI_GetCRC                               0x080025c7   Thumb Code    16  stm32f10x_spi.o(.text)
    SPI_GetCRCPolynomial                     0x080025d7   Thumb Code     6  stm32f10x_spi.o(.text)
    SPI_BiDirectionalLineConfig              0x080025dd   Thumb Code    28  stm32f10x_spi.o(.text)
    SPI_I2S_GetFlagStatus                    0x080025f9   Thumb Code    18  stm32f10x_spi.o(.text)
    SPI_I2S_ClearFlag                        0x0800260b   Thumb Code     6  stm32f10x_spi.o(.text)
    SPI_I2S_GetITStatus                      0x08002611   Thumb Code    52  stm32f10x_spi.o(.text)
    SPI_I2S_ClearITPendingBit                0x08002645   Thumb Code    20  stm32f10x_spi.o(.text)
    CAN_DeInit                               0x08002665   Thumb Code    50  stm32f10x_can.o(.text)
    CAN_Init                                 0x08002697   Thumb Code   284  stm32f10x_can.o(.text)
    CAN_FilterInit                           0x080027b3   Thumb Code   250  stm32f10x_can.o(.text)
    CAN_StructInit                           0x080028ad   Thumb Code    32  stm32f10x_can.o(.text)
    CAN_SlaveStartBank                       0x080028cd   Thumb Code    62  stm32f10x_can.o(.text)
    CAN_DBGFreeze                            0x0800290b   Thumb Code    22  stm32f10x_can.o(.text)
    CAN_TTComModeCmd                         0x08002921   Thumb Code   118  stm32f10x_can.o(.text)
    CAN_Transmit                             0x08002997   Thumb Code   332  stm32f10x_can.o(.text)
    CAN_TransmitStatus                       0x08002ae3   Thumb Code   138  stm32f10x_can.o(.text)
    CAN_CancelTransmit                       0x08002b6d   Thumb Code    48  stm32f10x_can.o(.text)
    CAN_Receive                              0x08002b9d   Thumb Code   240  stm32f10x_can.o(.text)
    CAN_FIFORelease                          0x08002c8d   Thumb Code    22  stm32f10x_can.o(.text)
    CAN_MessagePending                       0x08002ca3   Thumb Code    30  stm32f10x_can.o(.text)
    CAN_OperatingModeRequest                 0x08002cc1   Thumb Code   162  stm32f10x_can.o(.text)
    CAN_Sleep                                0x08002d63   Thumb Code    30  stm32f10x_can.o(.text)
    CAN_WakeUp                               0x08002d81   Thumb Code    48  stm32f10x_can.o(.text)
    CAN_GetLastErrorCode                     0x08002db1   Thumb Code    12  stm32f10x_can.o(.text)
    CAN_GetReceiveErrorCounter               0x08002dbd   Thumb Code    10  stm32f10x_can.o(.text)
    CAN_GetLSBTransmitErrorCounter           0x08002dc7   Thumb Code    12  stm32f10x_can.o(.text)
    CAN_ITConfig                             0x08002dd3   Thumb Code    18  stm32f10x_can.o(.text)
    CAN_GetFlagStatus                        0x08002de5   Thumb Code   120  stm32f10x_can.o(.text)
    CAN_ClearFlag                            0x08002e5d   Thumb Code    52  stm32f10x_can.o(.text)
    CAN_GetITStatus                          0x08002ea1   Thumb Code   306  stm32f10x_can.o(.text)
    CAN_ClearITPendingBit                    0x08002fd3   Thumb Code   162  stm32f10x_can.o(.text)
    Reset_Handler                            0x08003079   Thumb Code     8  startup_stm32f10x_md.o(.text)
    ADC1_2_IRQHandler                        0x08003093   Thumb Code     0  startup_stm32f10x_md.o(.text)
    CAN1_RX1_IRQHandler                      0x08003093   Thumb Code     0  startup_stm32f10x_md.o(.text)
    CAN1_SCE_IRQHandler                      0x08003093   Thumb Code     0  startup_stm32f10x_md.o(.text)
    DMA1_Channel1_IRQHandler                 0x08003093   Thumb Code     0  startup_stm32f10x_md.o(.text)
    DMA1_Channel2_IRQHandler                 0x08003093   Thumb Code     0  startup_stm32f10x_md.o(.text)
    DMA1_Channel3_IRQHandler                 0x08003093   Thumb Code     0  startup_stm32f10x_md.o(.text)
    DMA1_Channel4_IRQHandler                 0x08003093   Thumb Code     0  startup_stm32f10x_md.o(.text)
    DMA1_Channel5_IRQHandler                 0x08003093   Thumb Code     0  startup_stm32f10x_md.o(.text)
    DMA1_Channel6_IRQHandler                 0x08003093   Thumb Code     0  startup_stm32f10x_md.o(.text)
    DMA1_Channel7_IRQHandler                 0x08003093   Thumb Code     0  startup_stm32f10x_md.o(.text)
    EXTI0_IRQHandler                         0x08003093   Thumb Code     0  startup_stm32f10x_md.o(.text)
    EXTI15_10_IRQHandler                     0x08003093   Thumb Code     0  startup_stm32f10x_md.o(.text)
    EXTI1_IRQHandler                         0x08003093   Thumb Code     0  startup_stm32f10x_md.o(.text)
    EXTI2_IRQHandler                         0x08003093   Thumb Code     0  startup_stm32f10x_md.o(.text)
    EXTI3_IRQHandler                         0x08003093   Thumb Code     0  startup_stm32f10x_md.o(.text)
    EXTI4_IRQHandler                         0x08003093   Thumb Code     0  startup_stm32f10x_md.o(.text)
    EXTI9_5_IRQHandler                       0x08003093   Thumb Code     0  startup_stm32f10x_md.o(.text)
    FLASH_IRQHandler                         0x08003093   Thumb Code     0  startup_stm32f10x_md.o(.text)
    I2C1_ER_IRQHandler                       0x08003093   Thumb Code     0  startup_stm32f10x_md.o(.text)
    I2C1_EV_IRQHandler                       0x08003093   Thumb Code     0  startup_stm32f10x_md.o(.text)
    I2C2_ER_IRQHandler                       0x08003093   Thumb Code     0  startup_stm32f10x_md.o(.text)
    I2C2_EV_IRQHandler                       0x08003093   Thumb Code     0  startup_stm32f10x_md.o(.text)
    PVD_IRQHandler                           0x08003093   Thumb Code     0  startup_stm32f10x_md.o(.text)
    RCC_IRQHandler                           0x08003093   Thumb Code     0  startup_stm32f10x_md.o(.text)
    SPI1_IRQHandler                          0x08003093   Thumb Code     0  startup_stm32f10x_md.o(.text)
    SPI2_IRQHandler                          0x08003093   Thumb Code     0  startup_stm32f10x_md.o(.text)
    TAMPER_IRQHandler                        0x08003093   Thumb Code     0  startup_stm32f10x_md.o(.text)
    TIM1_BRK_IRQHandler                      0x08003093   Thumb Code     0  startup_stm32f10x_md.o(.text)
    TIM1_CC_IRQHandler                       0x08003093   Thumb Code     0  startup_stm32f10x_md.o(.text)
    TIM1_TRG_COM_IRQHandler                  0x08003093   Thumb Code     0  startup_stm32f10x_md.o(.text)
    TIM1_UP_IRQHandler                       0x08003093   Thumb Code     0  startup_stm32f10x_md.o(.text)
    TIM2_IRQHandler                          0x08003093   Thumb Code     0  startup_stm32f10x_md.o(.text)
    TIM3_IRQHandler                          0x08003093   Thumb Code     0  startup_stm32f10x_md.o(.text)
    TIM4_IRQHandler                          0x08003093   Thumb Code     0  startup_stm32f10x_md.o(.text)
    USART2_IRQHandler                        0x08003093   Thumb Code     0  startup_stm32f10x_md.o(.text)
    USBWakeUp_IRQHandler                     0x08003093   Thumb Code     0  startup_stm32f10x_md.o(.text)
    USB_HP_CAN1_TX_IRQHandler                0x08003093   Thumb Code     0  startup_stm32f10x_md.o(.text)
    WWDG_IRQHandler                          0x08003093   Thumb Code     0  startup_stm32f10x_md.o(.text)
    __user_initial_stackheap                 0x08003095   Thumb Code     0  startup_stm32f10x_md.o(.text)
    IO_Init                                  0x080030b9   Thumb Code    52  main.o(.text)
    main                                     0x080030ed   Thumb Code  2934  main.o(.text)
    NMI_Handler                              0x08003d9d   Thumb Code     2  stm32f10x_it.o(.text)
    HardFault_Handler                        0x08003d9f   Thumb Code     4  stm32f10x_it.o(.text)
    MemManage_Handler                        0x08003da3   Thumb Code     4  stm32f10x_it.o(.text)
    BusFault_Handler                         0x08003da7   Thumb Code     4  stm32f10x_it.o(.text)
    UsageFault_Handler                       0x08003dab   Thumb Code     4  stm32f10x_it.o(.text)
    SVC_Handler                              0x08003daf   Thumb Code     2  stm32f10x_it.o(.text)
    DebugMon_Handler                         0x08003db1   Thumb Code     2  stm32f10x_it.o(.text)
    PendSV_Handler                           0x08003db3   Thumb Code     2  stm32f10x_it.o(.text)
    SysTick_Handler                          0x08003db5   Thumb Code     2  stm32f10x_it.o(.text)
    delay_us                                 0x08003db7   Thumb Code    40  delay.o(.text)
    delay_ms                                 0x08003ddf   Thumb Code    26  delay.o(.text)
    delay_s                                  0x08003df9   Thumb Code    26  delay.o(.text)
    RTC_First_Config                         0x08003e15   Thumb Code    76  rtc.o(.text)
    RTC_Config                               0x08003e61   Thumb Code    62  rtc.o(.text)
    RTC_IRQHandler                           0x08003e9f   Thumb Code    20  rtc.o(.text)
    RTCAlarm_IRQHandler                      0x08003eb3   Thumb Code    20  rtc.o(.text)
    Is_Leap_Year                             0x08003ec7   Thumb Code    58  rtc.o(.text)
    RTC_Set                                  0x08003f01   Thumb Code   180  rtc.o(.text)
    RTC_Get_Week                             0x08003fb5   Thumb Code   114  rtc.o(.text)
    RTC_Get                                  0x08004027   Thumb Code   246  rtc.o(.text)
    I2C_GPIO_Init                            0x08004151   Thumb Code    30  i2c.o(.text)
    I2C_Configuration                        0x0800416f   Thumb Code    70  i2c.o(.text)
    I2C_SAND_BUFFER                          0x080041b5   Thumb Code   132  i2c.o(.text)
    I2C_SAND_BYTE                            0x08004239   Thumb Code   112  i2c.o(.text)
    I2C_READ_BUFFER                          0x080042a9   Thumb Code   218  i2c.o(.text)
    I2C_READ_BYTE                            0x08004383   Thumb Code   176  i2c.o(.text)
    ADC_DMA_Init                             0x08004449   Thumb Code    74  adc.o(.text)
    ADC_GPIO_Init                            0x08004493   Thumb Code    40  adc.o(.text)
    ADC_Configuration                        0x080044bb   Thumb Code   186  adc.o(.text)
    RCC_Configuration                        0x08004585   Thumb Code   116  rcc.o(.text)
    _sys_exit                                0x080045f9   Thumb Code     6  usart.o(.text)
    fputc                                    0x080045ff   Thumb Code    20  usart.o(.text)
    USART1_printf                            0x08004613   Thumb Code    78  usart.o(.text)
    USART1_Init                              0x08004661   Thumb Code   152  usart.o(.text)
    USART1_IRQHandler                        0x080046f9   Thumb Code   130  usart.o(.text)
    USART3_printf                            0x0800477b   Thumb Code    78  usart.o(.text)
    USART3_Init                              0x080047c9   Thumb Code   162  usart.o(.text)
    USART3_IRQHandler                        0x0800486b   Thumb Code    28  usart.o(.text)
    SPI2_Init                                0x080048ad   Thumb Code   166  spi.o(.text)
    SPI2_SendByte                            0x08004953   Thumb Code    50  spi.o(.text)
    LED_Init                                 0x0800498d   Thumb Code    38  led.o(.text)
    LED1                                     0x080049b3   Thumb Code    26  led.o(.text)
    LED2                                     0x080049cd   Thumb Code    26  led.o(.text)
    KEY_Init                                 0x080049ed   Thumb Code    24  key.o(.text)
    KEY1                                     0x08004a05   Thumb Code    36  key.o(.text)
    KEY2                                     0x08004a29   Thumb Code    36  key.o(.text)
    BUZZER_Init                              0x08004a51   Thumb Code    40  buzzer.o(.text)
    BUZZER_BEEP1                             0x08004a79   Thumb Code    52  buzzer.o(.text)
    OLED_DISPLAY_ON                          0x08004ab1   Thumb Code    30  oled0561.o(.text)
    OLED_DISPLAY_CLEAR                       0x08004acf   Thumb Code    68  oled0561.o(.text)
    OLED_DISPLAY_OFF                         0x08004b13   Thumb Code    22  oled0561.o(.text)
    OLED0561_Init                            0x08004b29   Thumb Code    16  oled0561.o(.text)
    OLED_DISPLAY_LIT                         0x08004b39   Thumb Code    26  oled0561.o(.text)
    OLED_DISPLAY_8x16                        0x08004b53   Thumb Code   150  oled0561.o(.text)
    OLED_DISPLAY_8x16_BUFFER                 0x08004be9   Thumb Code    36  oled0561.o(.text)
    LM75A_GetTemp                            0x08004c31   Thumb Code   176  lm75a.o(.text)
    LM75A_POWERDOWN                          0x08004ce1   Thumb Code    14  lm75a.o(.text)
    MOTOLOOP_OFF                             0x08004cf1   Thumb Code    14  step_motor.o(.text)
    STEP_MOTOR_Init                          0x08004cff   Thumb Code    36  step_motor.o(.text)
    MOTOLOOP_4_S                             0x08004d23   Thumb Code    94  step_motor.o(.text)
    MOTOLOOP_4_R                             0x08004d81   Thumb Code   110  step_motor.o(.text)
    MOTOLOOP_4_L                             0x08004def   Thumb Code   110  step_motor.o(.text)
    MOTOLOOP_8_R                             0x08004e5d   Thumb Code   210  step_motor.o(.text)
    MOTOLOOP_8_L                             0x08004f2f   Thumb Code   210  step_motor.o(.text)
    MOTOLOOP_4_F                             0x08005001   Thumb Code   110  step_motor.o(.text)
    MOTOLOOP_2_F                             0x0800506f   Thumb Code    58  step_motor.o(.text)
    RELAY_Init                               0x080050ad   Thumb Code    50  relay.o(.text)
    RELAY_Control                            0x080050df   Thumb Code    34  relay.o(.text)
    TOUCH_KEY_Init                           0x08005109   Thumb Code    24  touch_key.o(.text)
    TOUCH_KEY_READ                           0x08005121   Thumb Code   110  touch_key.o(.text)
    ENCODER_Init                             0x08005195   Thumb Code    44  encoder.o(.text)
    ENCODER_READ                             0x080051c1   Thumb Code   180  encoder.o(.text)
    CH376_PORT_INIT                          0x08005285   Thumb Code    46  ch376.o(.text)
    xEndCH376Cmd                             0x080052b3   Thumb Code    14  ch376.o(.text)
    Spi376OutByte                            0x080052c1   Thumb Code    12  ch376.o(.text)
    Spi376InByte                             0x080052cd   Thumb Code    26  ch376.o(.text)
    xWriteCH376Cmd                           0x080052e7   Thumb Code    44  ch376.o(.text)
    xWriteCH376Data                          0x08005313   Thumb Code    18  ch376.o(.text)
    xReadCH376Data                           0x08005325   Thumb Code    20  ch376.o(.text)
    Query376Interrupt                        0x08005339   Thumb Code    18  ch376.o(.text)
    mInitCH376Host                           0x0800534b   Thumb Code    84  ch376.o(.text)
    CH376ReadBlock                           0x080053ad   Thumb Code    46  filesys.o(.text)
    CH376WriteReqBlock                       0x080053db   Thumb Code    46  filesys.o(.text)
    CH376WriteHostBlock                      0x08005409   Thumb Code    44  filesys.o(.text)
    CH376WriteOfsBlock                       0x08005435   Thumb Code    52  filesys.o(.text)
    CH376WriteVar32                          0x08005469   Thumb Code    52  filesys.o(.text)
    CH376Read32bitDat                        0x0800549d   Thumb Code    48  filesys.o(.text)
    CH376ReadVar32                           0x080054cd   Thumb Code    22  filesys.o(.text)
    CH376ReadVar8                            0x080054e3   Thumb Code    30  filesys.o(.text)
    CH376GetIntStatus                        0x08005501   Thumb Code    22  filesys.o(.text)
    Wait376Interrupt                         0x08005517   Thumb Code    30  filesys.o(.text)
    CH376SendCmdWaitInt                      0x08005535   Thumb Code    20  filesys.o(.text)
    CH376SetFileName                         0x08005549   Thumb Code   156  filesys.o(.text)
    CH376WriteVar8                           0x080055e5   Thumb Code    30  filesys.o(.text)
    CH376EndDirInfo                          0x08005603   Thumb Code    12  filesys.o(.text)
    CH376GetFileSize                         0x0800560f   Thumb Code    10  filesys.o(.text)
    CH376GetDiskStatus                       0x08005619   Thumb Code    10  filesys.o(.text)
    CH376SendCmdDatWaitInt                   0x08005623   Thumb Code    28  filesys.o(.text)
    CH376DiskReqSense                        0x0800563f   Thumb Code    26  filesys.o(.text)
    CH376DiskConnect                         0x08005659   Thumb Code    20  filesys.o(.text)
    CH376DiskMount                           0x0800566d   Thumb Code    10  filesys.o(.text)
    CH376FileOpen                            0x08005677   Thumb Code    38  filesys.o(.text)
    CH376FileCreate                          0x0800569d   Thumb Code    20  filesys.o(.text)
    CH376DirCreate                           0x080056b1   Thumb Code    38  filesys.o(.text)
    CH376SeparatePath                        0x080056d7   Thumb Code    46  filesys.o(.text)
    CH376FileOpenDir                         0x08005705   Thumb Code   100  filesys.o(.text)
    CH376FileOpenPath                        0x08005769   Thumb Code    14  filesys.o(.text)
    CH376FileCreatePath                      0x08005777   Thumb Code    56  filesys.o(.text)
    CH376FileErase                           0x080057af   Thumb Code    70  filesys.o(.text)
    CH376FileClose                           0x080057f5   Thumb Code    14  filesys.o(.text)
    CH376DirInfoRead                         0x08005803   Thumb Code    12  filesys.o(.text)
    CH376DirInfoSave                         0x0800580f   Thumb Code    10  filesys.o(.text)
    CH376ByteLocate                          0x08005819   Thumb Code    48  filesys.o(.text)
    CH376ByteRead                            0x08005849   Thumb Code    88  filesys.o(.text)
    CH376ByteWrite                           0x080058a1   Thumb Code    88  filesys.o(.text)
    CH376DiskCapacity                        0x080058f9   Thumb Code    48  filesys.o(.text)
    CH376DiskQuery                           0x08005929   Thumb Code   134  filesys.o(.text)
    CH376SecLocate                           0x080059af   Thumb Code    48  filesys.o(.text)
    MY1690_STOP                              0x080059e1   Thumb Code    10  my1690.o(.text)
    MY1690_Init                              0x080059eb   Thumb Code    24  my1690.o(.text)
    MY1690_PLAY                              0x08005a03   Thumb Code    10  my1690.o(.text)
    MY1690_PAUSE                             0x08005a0d   Thumb Code    10  my1690.o(.text)
    MY1690_PREV                              0x08005a17   Thumb Code    10  my1690.o(.text)
    MY1690_NEXT                              0x08005a21   Thumb Code    10  my1690.o(.text)
    MY1690_VUP                               0x08005a2b   Thumb Code    10  my1690.o(.text)
    MY1690_VDOWN                             0x08005a35   Thumb Code    10  my1690.o(.text)
    TM1640_start                             0x08005a7d   Thumb Code    66  tm1640.o(.text)
    TM1640_stop                              0x08005abf   Thumb Code    48  tm1640.o(.text)
    TM1640_write                             0x08005aef   Thumb Code   146  tm1640.o(.text)
    TM1640_Init                              0x08005b81   Thumb Code    88  tm1640.o(.text)
    TM1640_led                               0x08005bd9   Thumb Code    26  tm1640.o(.text)
    TM1640_display                           0x08005bf3   Thumb Code    48  tm1640.o(.text)
    TM1640_display_add                       0x08005c23   Thumb Code    60  tm1640.o(.text)
    CAN1_Configuration                       0x08005c7d   Thumb Code   190  can.o(.text)
    CAN_Send_Msg                             0x08005d3b   Thumb Code   104  can.o(.text)
    CAN_Receive_Msg                          0x08005da3   Thumb Code    56  can.o(.text)
    USB_LP_CAN1_RX0_IRQHandler               0x08005ddb   Thumb Code   108  can.o(.text)
    RS485_Init                               0x08005e51   Thumb Code    42  rs485.o(.text)
    RS485_printf                             0x08005e7b   Thumb Code    98  rs485.o(.text)
    __use_no_semihosting                     0x08005ee5   Thumb Code     2  use_no_semi_2.o(.text)
    __c89vsnprintf                           0x08005ee9   Thumb Code    46  c89vsnprintf.o(.text)
    __2printf                                0x08005f1d   Thumb Code    20  __2printf.o(.text)
    _printf_pre_padding                      0x08005f35   Thumb Code    44  _printf_pad.o(.text)
    _printf_post_padding                     0x08005f61   Thumb Code    36  _printf_pad.o(.text)
    _printf_str                              0x08005f85   Thumb Code    82  _printf_str.o(.text)
    _printf_int_dec                          0x08005fd9   Thumb Code    98  _printf_dec.o(.text)
    _printf_longlong_hex                     0x0800604d   Thumb Code    92  _printf_hex_int_ll_ptr.o(.text)
    _printf_int_hex                          0x080060a9   Thumb Code    28  _printf_hex_int_ll_ptr.o(.text)
    _printf_ll_hex                           0x080060c5   Thumb Code    12  _printf_hex_int_ll_ptr.o(.text)
    _printf_hex_ptr                          0x080060d1   Thumb Code    18  _printf_hex_int_ll_ptr.o(.text)
    __printf                                 0x080060e9   Thumb Code   406  __printf_flags_ss_wp.o(.text)
    strcpy                                   0x08006285   Thumb Code    72  strcpy.o(.text)
    strlen                                   0x080062cd   Thumb Code    62  strlen.o(.text)
    __aeabi_memcpy4                          0x0800630b   Thumb Code     0  rt_memcpy_w.o(.text)
    __aeabi_memcpy8                          0x0800630b   Thumb Code     0  rt_memcpy_w.o(.text)
    __rt_memcpy_w                            0x0800630b   Thumb Code   100  rt_memcpy_w.o(.text)
    _memcpy_lastbytes_aligned                0x08006353   Thumb Code     0  rt_memcpy_w.o(.text)
    __use_two_region_memory                  0x0800636f   Thumb Code     2  heapauxi.o(.text)
    __rt_heap_escrow$2region                 0x08006371   Thumb Code     2  heapauxi.o(.text)
    __rt_heap_expand$2region                 0x08006373   Thumb Code     2  heapauxi.o(.text)
    __I$use$semihosting                      0x08006375   Thumb Code     0  use_no_semi.o(.text)
    __use_no_semihosting_swi                 0x08006375   Thumb Code     2  use_no_semi.o(.text)
    _printf_truncate_signed                  0x08006377   Thumb Code    18  _printf_truncate.o(.text)
    _printf_truncate_unsigned                0x08006389   Thumb Code    18  _printf_truncate.o(.text)
    _printf_int_common                       0x0800639b   Thumb Code   180  _printf_intcommon.o(.text)
    _printf_charcount                        0x0800644f   Thumb Code    42  _printf_charcount.o(.text)
    _printf_char_common                      0x08006483   Thumb Code    32  _printf_char_common.o(.text)
    _sputc                                   0x080064a9   Thumb Code    10  _sputc.o(.text)
    _snputc                                  0x080064b3   Thumb Code    16  _snputc.o(.text)
    _printf_cs_common                        0x080064c3   Thumb Code    20  _printf_char.o(.text)
    _printf_char                             0x080064d7   Thumb Code    16  _printf_char.o(.text)
    _printf_string                           0x080064e7   Thumb Code     8  _printf_char.o(.text)
    _printf_char_file                        0x080064f1   Thumb Code    32  _printf_char_file.o(.text)
    _printf_wctomb                           0x08006515   Thumb Code   182  _printf_wctomb.o(.text)
    _printf_longlong_dec                     0x080065d1   Thumb Code   104  _printf_longlong_dec.o(.text)
    _printf_longlong_oct                     0x08006649   Thumb Code    76  _printf_oct_int_ll.o(.text)
    _printf_int_oct                          0x08006695   Thumb Code    24  _printf_oct_int_ll.o(.text)
    _printf_ll_oct                           0x080066ad   Thumb Code    12  _printf_oct_int_ll.o(.text)
    __rt_udiv10                              0x080066c1   Thumb Code    16  rtudiv10.o(.text)
    _ll_udiv10                               0x080066d1   Thumb Code   138  lludiv10.o(.text)
    __lib_sel_fp_printf                      0x0800675b   Thumb Code     2  _printf_fp_dec.o(.text)
    _printf_fp_dec_real                      0x08006901   Thumb Code   616  _printf_fp_dec.o(.text)
    _printf_lcs_common                       0x08006b69   Thumb Code    20  _printf_wchar.o(.text)
    _printf_wchar                            0x08006b7d   Thumb Code    16  _printf_wchar.o(.text)
    _printf_wstring                          0x08006b8d   Thumb Code     8  _printf_wchar.o(.text)
    ferror                                   0x08006b95   Thumb Code     8  ferror.o(.text)
    _wcrtomb                                 0x08006b9d   Thumb Code    64  _wcrtomb.o(.text)
    __user_setup_stackheap                   0x08006bdd   Thumb Code    74  sys_stackheap_outer.o(.text)
    __rt_ctype_table                         0x08006c29   Thumb Code    16  rt_ctype_table.o(.text)
    __rt_locale                              0x08006c39   Thumb Code    12  rt_locale_intlibspace.o(.text)
    _printf_fp_infnan                        0x08006c45   Thumb Code   108  _printf_fp_infnan.o(.text)
    _btod_etento                             0x08006cc1   Thumb Code   230  bigflt0.o(.text)
    exit                                     0x08006dad   Thumb Code    12  exit.o(.text)
    __user_libspace                          0x08006db9   Thumb Code     8  libspace.o(.text)
    __user_perproc_libspace                  0x08006db9   Thumb Code     0  libspace.o(.text)
    __user_perthread_libspace                0x08006db9   Thumb Code     0  libspace.o(.text)
    strcmp                                   0x08006dc1   Thumb Code   128  strcmpv7m.o(.text)
    __rt_fp_status_addr                      0x08006e41   Thumb Code    12  rt_fp_status_addr_intlibspace.o(.text)
    _btod_d2e                                0x08006e4d   Thumb Code    62  btod.o(CL$$btod_d2e)
    _d2e_denorm_low                          0x08006e8b   Thumb Code    70  btod.o(CL$$btod_d2e_denorm_low)
    _d2e_norm_op1                            0x08006ed1   Thumb Code    96  btod.o(CL$$btod_d2e_norm_op1)
    __btod_div_common                        0x08006f31   Thumb Code   696  btod.o(CL$$btod_div_common)
    _e2e                                     0x08007269   Thumb Code   198  btod.o(CL$$btod_e2e)
    _btod_ediv                               0x0800732f   Thumb Code    40  btod.o(CL$$btod_ediv)
    _btod_emul                               0x08007357   Thumb Code    40  btod.o(CL$$btod_emul)
    __btod_mult_common                       0x0800737f   Thumb Code   580  btod.o(CL$$btod_mult_common)
    __ARM_fpclassify                         0x080075c3   Thumb Code    40  fpclassify.o(i.__ARM_fpclassify)
    _get_lc_numeric                          0x080075ed   Thumb Code    44  lc_numeric_c.o(locale$$code)
    _get_lc_ctype                            0x08007619   Thumb Code    44  lc_ctype_c.o(locale$$code)
    _fp_init                                 0x08007645   Thumb Code    14  fpinit.o(x$fpl$fpinit)
    __fplib_config_pureend_doubles           0x08007651   Thumb Code     0  fpinit.o(x$fpl$fpinit)
    _printf_fp_dec                           0x08007653   Thumb Code     4  printf1.o(x$fpl$printf1)
    __I$use$fp                               0x08007657   Thumb Code     0  usenofp.o(x$fpl$usenofp)
    table_week                               0x08007656   Data          12  rtc.o(.constdata)
    mon_table                                0x08007662   Data          12  rtc.o(.constdata)
    ASCII_8x16                               0x0800766e   Data        1536  oled0561.o(.constdata)
    Region$$Table$$Base                      0x08007d44   Number         0  anon$$obj.o(Region$$Table)
    Region$$Table$$Limit                     0x08007d64   Number         0  anon$$obj.o(Region$$Table)
    __ctype                                  0x08007d8d   Data           0  lc_ctype_c.o(locale$$data)
    SystemCoreClock                          0x20000000   Data           4  system_stm32f10x.o(.data)
    AHBPrescTable                            0x20000004   Data          16  system_stm32f10x.o(.data)
    ryear                                    0x2000002a   Data           2  rtc.o(.data)
    rmon                                     0x2000002c   Data           1  rtc.o(.data)
    rday                                     0x2000002d   Data           1  rtc.o(.data)
    rhour                                    0x2000002e   Data           1  rtc.o(.data)
    rmin                                     0x2000002f   Data           1  rtc.o(.data)
    rsec                                     0x20000030   Data           1  rtc.o(.data)
    rweek                                    0x20000031   Data           1  rtc.o(.data)
    ADC_ConvertedValue                       0x20000032   Data           8  adc.o(.data)
    USART1_RX_STA                            0x2000003c   Data           2  usart.o(.data)
    USART3_RX_STA                            0x2000003e   Data           2  usart.o(.data)
    __stdout                                 0x20000040   Data           4  usart.o(.data)
    KUP                                      0x20000044   Data           1  encoder.o(.data)
    cou                                      0x20000046   Data           2  encoder.o(.data)
    buf                                      0x20000048   Data          64  main.o(.bss)
    USART1_RX_BUF                            0x20000088   Data         200  usart.o(.bss)
    USART3_RX_BUF                            0x20000150   Data         200  usart.o(.bss)
    __libspace_start                         0x20000218   Data          96  libspace.o(.bss)
    __temporary_stack_top$libspace           0x20000278   Data           0  libspace.o(.bss)



==============================================================================

Memory Map of the image

  Image Entry point : 0x080000ed

  Load Region LR_IROM1 (Base: 0x08000000, Size: 0x00007ed8, Max: 0x00010000, ABSOLUTE)

    Execution Region ER_IROM1 (Base: 0x08000000, Size: 0x00007e90, Max: 0x00010000, ABSOLUTE)

    Base Addr    Size         Type   Attr      Idx    E Section Name        Object

    0x08000000   0x000000ec   Data   RO          297    RESET               startup_stm32f10x_md.o
    0x080000ec   0x00000008   Code   RO          873  * !!!main             c_w.l(__main.o)(c_w.l)
    0x080000f4   0x00000034   Code   RO         1144    !!!scatter          c_w.l(__scatter.o)(c_w.l)
    0x08000128   0x0000001a   Code   RO         1146    !!handler_copy      c_w.l(__scatter_copy.o)(c_w.l)
    0x08000142   0x00000002   PAD
    0x08000144   0x0000001c   Code   RO         1148    !!handler_zi        c_w.l(__scatter_zi.o)(c_w.l)
    0x08000160   0x00000000   Code   RO          864    .ARM.Collect$$_printf_percent$$00000000  c_w.l(_printf_percent.o)(c_w.l)
    0x08000160   0x00000006   Code   RO          906    .ARM.Collect$$_printf_percent$$00000001  c_w.l(_printf_n.o)(c_w.l)
    0x08000166   0x00000006   Code   RO          907    .ARM.Collect$$_printf_percent$$00000002  c_w.l(_printf_p.o)(c_w.l)
    0x0800016c   0x00000006   Code   RO          911    .ARM.Collect$$_printf_percent$$00000003  c_w.l(_printf_f.o)(c_w.l)
    0x08000172   0x00000006   Code   RO          912    .ARM.Collect$$_printf_percent$$00000004  c_w.l(_printf_e.o)(c_w.l)
    0x08000178   0x00000006   Code   RO          913    .ARM.Collect$$_printf_percent$$00000005  c_w.l(_printf_g.o)(c_w.l)
    0x0800017e   0x00000006   Code   RO          914    .ARM.Collect$$_printf_percent$$00000006  c_w.l(_printf_a.o)(c_w.l)
    0x08000184   0x0000000a   Code   RO          919    .ARM.Collect$$_printf_percent$$00000007  c_w.l(_printf_ll.o)(c_w.l)
    0x0800018e   0x00000006   Code   RO          909    .ARM.Collect$$_printf_percent$$00000008  c_w.l(_printf_i.o)(c_w.l)
    0x08000194   0x00000006   Code   RO          863    .ARM.Collect$$_printf_percent$$00000009  c_w.l(_printf_d.o)(c_w.l)
    0x0800019a   0x00000006   Code   RO          910    .ARM.Collect$$_printf_percent$$0000000A  c_w.l(_printf_u.o)(c_w.l)
    0x080001a0   0x00000006   Code   RO          908    .ARM.Collect$$_printf_percent$$0000000B  c_w.l(_printf_o.o)(c_w.l)
    0x080001a6   0x00000006   Code   RO          862    .ARM.Collect$$_printf_percent$$0000000C  c_w.l(_printf_x.o)(c_w.l)
    0x080001ac   0x00000006   Code   RO          916    .ARM.Collect$$_printf_percent$$0000000D  c_w.l(_printf_lli.o)(c_w.l)
    0x080001b2   0x00000006   Code   RO          917    .ARM.Collect$$_printf_percent$$0000000E  c_w.l(_printf_lld.o)(c_w.l)
    0x080001b8   0x00000006   Code   RO          918    .ARM.Collect$$_printf_percent$$0000000F  c_w.l(_printf_llu.o)(c_w.l)
    0x080001be   0x00000006   Code   RO          923    .ARM.Collect$$_printf_percent$$00000010  c_w.l(_printf_llo.o)(c_w.l)
    0x080001c4   0x00000006   Code   RO          924    .ARM.Collect$$_printf_percent$$00000011  c_w.l(_printf_llx.o)(c_w.l)
    0x080001ca   0x0000000a   Code   RO          920    .ARM.Collect$$_printf_percent$$00000012  c_w.l(_printf_l.o)(c_w.l)
    0x080001d4   0x00000006   Code   RO          860    .ARM.Collect$$_printf_percent$$00000013  c_w.l(_printf_c.o)(c_w.l)
    0x080001da   0x00000006   Code   RO          861    .ARM.Collect$$_printf_percent$$00000014  c_w.l(_printf_s.o)(c_w.l)
    0x080001e0   0x00000006   Code   RO          921    .ARM.Collect$$_printf_percent$$00000015  c_w.l(_printf_lc.o)(c_w.l)
    0x080001e6   0x00000006   Code   RO          922    .ARM.Collect$$_printf_percent$$00000016  c_w.l(_printf_ls.o)(c_w.l)
    0x080001ec   0x00000004   Code   RO          915    .ARM.Collect$$_printf_percent$$00000017  c_w.l(_printf_percent_end.o)(c_w.l)
    0x080001f0   0x00000006   Code   RO         1008    .ARM.Collect$$libinit$$00000000  c_w.l(libinit.o)(c_w.l)
    0x080001f6   0x00000000   Code   RO         1026    .ARM.Collect$$libinit$$00000006  c_w.l(libinit2.o)(c_w.l)
    0x080001f6   0x00000000   Code   RO         1028    .ARM.Collect$$libinit$$00000008  c_w.l(libinit2.o)(c_w.l)
    0x080001f6   0x00000000   Code   RO         1030    .ARM.Collect$$libinit$$0000000A  c_w.l(libinit2.o)(c_w.l)
    0x080001f6   0x00000006   Code   RO         1031    .ARM.Collect$$libinit$$0000000B  c_w.l(libinit2.o)(c_w.l)
    0x080001fc   0x00000000   Code   RO         1033    .ARM.Collect$$libinit$$0000000D  c_w.l(libinit2.o)(c_w.l)
    0x080001fc   0x0000000c   Code   RO         1034    .ARM.Collect$$libinit$$0000000E  c_w.l(libinit2.o)(c_w.l)
    0x08000208   0x00000000   Code   RO         1035    .ARM.Collect$$libinit$$0000000F  c_w.l(libinit2.o)(c_w.l)
    0x08000208   0x00000000   Code   RO         1037    .ARM.Collect$$libinit$$00000011  c_w.l(libinit2.o)(c_w.l)
    0x08000208   0x0000000a   Code   RO         1038    .ARM.Collect$$libinit$$00000012  c_w.l(libinit2.o)(c_w.l)
    0x08000212   0x00000000   Code   RO         1039    .ARM.Collect$$libinit$$00000013  c_w.l(libinit2.o)(c_w.l)
    0x08000212   0x00000000   Code   RO         1041    .ARM.Collect$$libinit$$00000015  c_w.l(libinit2.o)(c_w.l)
    0x08000212   0x00000000   Code   RO         1043    .ARM.Collect$$libinit$$00000017  c_w.l(libinit2.o)(c_w.l)
    0x08000212   0x00000000   Code   RO         1045    .ARM.Collect$$libinit$$00000019  c_w.l(libinit2.o)(c_w.l)
    0x08000212   0x00000000   Code   RO         1047    .ARM.Collect$$libinit$$0000001B  c_w.l(libinit2.o)(c_w.l)
    0x08000212   0x00000000   Code   RO         1049    .ARM.Collect$$libinit$$0000001D  c_w.l(libinit2.o)(c_w.l)
    0x08000212   0x00000000   Code   RO         1051    .ARM.Collect$$libinit$$0000001F  c_w.l(libinit2.o)(c_w.l)
    0x08000212   0x00000000   Code   RO         1053    .ARM.Collect$$libinit$$00000021  c_w.l(libinit2.o)(c_w.l)
    0x08000212   0x00000000   Code   RO         1057    .ARM.Collect$$libinit$$00000028  c_w.l(libinit2.o)(c_w.l)
    0x08000212   0x00000000   Code   RO         1059    .ARM.Collect$$libinit$$0000002A  c_w.l(libinit2.o)(c_w.l)
    0x08000212   0x00000000   Code   RO         1061    .ARM.Collect$$libinit$$0000002C  c_w.l(libinit2.o)(c_w.l)
    0x08000212   0x00000000   Code   RO         1063    .ARM.Collect$$libinit$$0000002E  c_w.l(libinit2.o)(c_w.l)
    0x08000212   0x00000002   Code   RO         1064    .ARM.Collect$$libinit$$0000002F  c_w.l(libinit2.o)(c_w.l)
    0x08000214   0x00000002   Code   RO         1088    .ARM.Collect$$libshutdown$$00000000  c_w.l(libshutdown.o)(c_w.l)
    0x08000216   0x00000000   Code   RO         1099    .ARM.Collect$$libshutdown$$00000003  c_w.l(libshutdown2.o)(c_w.l)
    0x08000216   0x00000000   Code   RO         1102    .ARM.Collect$$libshutdown$$00000006  c_w.l(libshutdown2.o)(c_w.l)
    0x08000216   0x00000000   Code   RO         1105    .ARM.Collect$$libshutdown$$00000009  c_w.l(libshutdown2.o)(c_w.l)
    0x08000216   0x00000000   Code   RO         1107    .ARM.Collect$$libshutdown$$0000000B  c_w.l(libshutdown2.o)(c_w.l)
    0x08000216   0x00000000   Code   RO         1110    .ARM.Collect$$libshutdown$$0000000E  c_w.l(libshutdown2.o)(c_w.l)
    0x08000216   0x00000002   Code   RO         1111    .ARM.Collect$$libshutdown$$0000000F  c_w.l(libshutdown2.o)(c_w.l)
    0x08000218   0x00000000   Code   RO          877    .ARM.Collect$$rtentry$$00000000  c_w.l(rtentry.o)(c_w.l)
    0x08000218   0x00000000   Code   RO          930    .ARM.Collect$$rtentry$$00000002  c_w.l(rtentry2.o)(c_w.l)
    0x08000218   0x00000006   Code   RO          945    .ARM.Collect$$rtentry$$00000004  c_w.l(rtentry4.o)(c_w.l)
    0x0800021e   0x00000000   Code   RO          932    .ARM.Collect$$rtentry$$00000009  c_w.l(rtentry2.o)(c_w.l)
    0x0800021e   0x00000004   Code   RO          933    .ARM.Collect$$rtentry$$0000000A  c_w.l(rtentry2.o)(c_w.l)
    0x08000222   0x00000000   Code   RO          935    .ARM.Collect$$rtentry$$0000000C  c_w.l(rtentry2.o)(c_w.l)
    0x08000222   0x00000008   Code   RO          936    .ARM.Collect$$rtentry$$0000000D  c_w.l(rtentry2.o)(c_w.l)
    0x0800022a   0x00000002   Code   RO         1017    .ARM.Collect$$rtexit$$00000000  c_w.l(rtexit.o)(c_w.l)
    0x0800022c   0x00000000   Code   RO         1068    .ARM.Collect$$rtexit$$00000002  c_w.l(rtexit2.o)(c_w.l)
    0x0800022c   0x00000004   Code   RO         1069    .ARM.Collect$$rtexit$$00000003  c_w.l(rtexit2.o)(c_w.l)
    0x08000230   0x00000006   Code   RO         1070    .ARM.Collect$$rtexit$$00000004  c_w.l(rtexit2.o)(c_w.l)
    0x08000236   0x00000002   PAD
    0x08000238   0x000001c8   Code   RO           17    .text               system_stm32f10x.o
    0x08000400   0x000000f8   Code   RO          114    .text               misc.o
    0x080004f8   0x00000358   Code   RO          149    .text               stm32f10x_gpio.o
    0x08000850   0x000003a4   Code   RO          161    .text               stm32f10x_rcc.o
    0x08000bf4   0x0000040c   Code   RO          175    .text               stm32f10x_usart.o
    0x08001000   0x000000c4   Code   RO          187    .text               stm32f10x_bkp.o
    0x080010c4   0x000000d8   Code   RO          199    .text               stm32f10x_pwr.o
    0x0800119c   0x00000178   Code   RO          211    .text               stm32f10x_rtc.o
    0x08001314   0x000005c8   Code   RO          223    .text               stm32f10x_flash.o
    0x080018dc   0x000003f0   Code   RO          235    .text               stm32f10x_i2c.o
    0x08001ccc   0x00000440   Code   RO          247    .text               stm32f10x_adc.o
    0x0800210c   0x00000248   Code   RO          259    .text               stm32f10x_dma.o
    0x08002354   0x00000310   Code   RO          271    .text               stm32f10x_spi.o
    0x08002664   0x00000a14   Code   RO          283    .text               stm32f10x_can.o
    0x08003078   0x00000040   Code   RO          298    .text               startup_stm32f10x_md.o
    0x080030b8   0x00000ce4   Code   RO          302    .text               main.o
    0x08003d9c   0x0000001a   Code   RO          405    .text               stm32f10x_it.o
    0x08003db6   0x0000005c   Code   RO          420    .text               delay.o
    0x08003e12   0x00000002   PAD
    0x08003e14   0x0000033c   Code   RO          450    .text               rtc.o
    0x08004150   0x000002f8   Code   RO          469    .text               i2c.o
    0x08004448   0x0000013c   Code   RO          484    .text               adc.o
    0x08004584   0x00000074   Code   RO          502    .text               rcc.o
    0x080045f8   0x000002b4   Code   RO          517    .text               usart.o
    0x080048ac   0x000000e0   Code   RO          544    .text               spi.o
    0x0800498c   0x00000060   Code   RO          559    .text               led.o
    0x080049ec   0x00000064   Code   RO          574    .text               key.o
    0x08004a50   0x00000060   Code   RO          589    .text               buzzer.o
    0x08004ab0   0x00000180   Code   RO          604    .text               oled0561.o
    0x08004c30   0x000000be   Code   RO          625    .text               lm75a.o
    0x08004cee   0x00000002   PAD
    0x08004cf0   0x000003bc   Code   RO          640    .text               step_motor.o
    0x080050ac   0x0000005c   Code   RO          655    .text               relay.o
    0x08005108   0x0000008c   Code   RO          670    .text               touch_key.o
    0x08005194   0x000000f0   Code   RO          685    .text               encoder.o
    0x08005284   0x00000128   Code   RO          703    .text               ch376.o
    0x080053ac   0x00000632   Code   RO          721    .text               filesys.o
    0x080059de   0x00000002   PAD
    0x080059e0   0x0000009c   Code   RO          739    .text               my1690.o
    0x08005a7c   0x00000200   Code   RO          754    .text               tm1640.o
    0x08005c7c   0x000001d4   Code   RO          769    .text               can.o
    0x08005e50   0x00000094   Code   RO          784    .text               rs485.o
    0x08005ee4   0x00000002   Code   RO          805    .text               c_w.l(use_no_semi_2.o)(c_w.l)
    0x08005ee6   0x00000002   PAD
    0x08005ee8   0x00000034   Code   RO          807    .text               c_w.l(c89vsnprintf.o)(c_w.l)
    0x08005f1c   0x00000018   Code   RO          809    .text               c_w.l(__2printf.o)(c_w.l)
    0x08005f34   0x00000050   Code   RO          815    .text               c_w.l(_printf_pad.o)(c_w.l)
    0x08005f84   0x00000052   Code   RO          817    .text               c_w.l(_printf_str.o)(c_w.l)
    0x08005fd6   0x00000002   PAD
    0x08005fd8   0x00000074   Code   RO          819    .text               c_w.l(_printf_dec.o)(c_w.l)
    0x0800604c   0x0000009c   Code   RO          839    .text               c_w.l(_printf_hex_int_ll_ptr.o)(c_w.l)
    0x080060e8   0x0000019c   Code   RO          857    .text               c_w.l(__printf_flags_ss_wp.o)(c_w.l)
    0x08006284   0x00000048   Code   RO          865    .text               c_w.l(strcpy.o)(c_w.l)
    0x080062cc   0x0000003e   Code   RO          867    .text               c_w.l(strlen.o)(c_w.l)
    0x0800630a   0x00000064   Code   RO          869    .text               c_w.l(rt_memcpy_w.o)(c_w.l)
    0x0800636e   0x00000006   Code   RO          871    .text               c_w.l(heapauxi.o)(c_w.l)
    0x08006374   0x00000002   Code   RO          875    .text               c_w.l(use_no_semi.o)(c_w.l)
    0x08006376   0x00000024   Code   RO          879    .text               c_w.l(_printf_truncate.o)(c_w.l)
    0x0800639a   0x000000b4   Code   RO          881    .text               c_w.l(_printf_intcommon.o)(c_w.l)
    0x0800644e   0x0000002a   Code   RO          883    .text               c_w.l(_printf_charcount.o)(c_w.l)
    0x08006478   0x00000030   Code   RO          885    .text               c_w.l(_printf_char_common.o)(c_w.l)
    0x080064a8   0x0000000a   Code   RO          887    .text               c_w.l(_sputc.o)(c_w.l)
    0x080064b2   0x00000010   Code   RO          889    .text               c_w.l(_snputc.o)(c_w.l)
    0x080064c2   0x0000002c   Code   RO          891    .text               c_w.l(_printf_char.o)(c_w.l)
    0x080064ee   0x00000002   PAD
    0x080064f0   0x00000024   Code   RO          893    .text               c_w.l(_printf_char_file.o)(c_w.l)
    0x08006514   0x000000bc   Code   RO          895    .text               c_w.l(_printf_wctomb.o)(c_w.l)
    0x080065d0   0x00000078   Code   RO          898    .text               c_w.l(_printf_longlong_dec.o)(c_w.l)
    0x08006648   0x00000078   Code   RO          904    .text               c_w.l(_printf_oct_int_ll.o)(c_w.l)
    0x080066c0   0x00000010   Code   RO          925    .text               c_w.l(rtudiv10.o)(c_w.l)
    0x080066d0   0x0000008a   Code   RO          947    .text               c_w.l(lludiv10.o)(c_w.l)
    0x0800675a   0x0000040e   Code   RO          949    .text               c_w.l(_printf_fp_dec.o)(c_w.l)
    0x08006b68   0x0000002c   Code   RO          953    .text               c_w.l(_printf_wchar.o)(c_w.l)
    0x08006b94   0x00000008   Code   RO          955    .text               c_w.l(ferror.o)(c_w.l)
    0x08006b9c   0x00000040   Code   RO          959    .text               c_w.l(_wcrtomb.o)(c_w.l)
    0x08006bdc   0x0000004a   Code   RO          961    .text               c_w.l(sys_stackheap_outer.o)(c_w.l)
    0x08006c26   0x00000002   PAD
    0x08006c28   0x00000010   Code   RO          963    .text               c_w.l(rt_ctype_table.o)(c_w.l)
    0x08006c38   0x0000000c   Code   RO          968    .text               c_w.l(rt_locale_intlibspace.o)(c_w.l)
    0x08006c44   0x0000007c   Code   RO          970    .text               c_w.l(_printf_fp_infnan.o)(c_w.l)
    0x08006cc0   0x000000ec   Code   RO          972    .text               c_w.l(bigflt0.o)(c_w.l)
    0x08006dac   0x0000000c   Code   RO         1000    .text               c_w.l(exit.o)(c_w.l)
    0x08006db8   0x00000008   Code   RO         1014    .text               c_w.l(libspace.o)(c_w.l)
    0x08006dc0   0x00000080   Code   RO         1022    .text               c_w.l(strcmpv7m.o)(c_w.l)
    0x08006e40   0x0000000c   Code   RO         1078    .text               c_w.l(rt_fp_status_addr_intlibspace.o)(c_w.l)
    0x08006e4c   0x0000003e   Code   RO          975    CL$$btod_d2e        c_w.l(btod.o)(c_w.l)
    0x08006e8a   0x00000046   Code   RO          977    CL$$btod_d2e_denorm_low  c_w.l(btod.o)(c_w.l)
    0x08006ed0   0x00000060   Code   RO          976    CL$$btod_d2e_norm_op1  c_w.l(btod.o)(c_w.l)
    0x08006f30   0x00000338   Code   RO          985    CL$$btod_div_common  c_w.l(btod.o)(c_w.l)
    0x08007268   0x000000c6   Code   RO          982    CL$$btod_e2e        c_w.l(btod.o)(c_w.l)
    0x0800732e   0x00000028   Code   RO          979    CL$$btod_ediv       c_w.l(btod.o)(c_w.l)
    0x08007356   0x00000028   Code   RO          978    CL$$btod_emul       c_w.l(btod.o)(c_w.l)
    0x0800737e   0x00000244   Code   RO          984    CL$$btod_mult_common  c_w.l(btod.o)(c_w.l)
    0x080075c2   0x00000028   Code   RO         1012    i.__ARM_fpclassify  m_ws.l(fpclassify.o)(m_ws.l)
    0x080075ea   0x00000002   PAD
    0x080075ec   0x0000002c   Code   RO          998    locale$$code        c_w.l(lc_numeric_c.o)(c_w.l)
    0x08007618   0x0000002c   Code   RO         1020    locale$$code        c_w.l(lc_ctype_c.o)(c_w.l)
    0x08007644   0x0000000e   Code   RO         1065    x$fpl$fpinit        fz_ws.l(fpinit.o)(fz_ws.l)
    0x08007652   0x00000004   Code   RO          927    x$fpl$printf1       fz_ws.l(printf1.o)(fz_ws.l)
    0x08007656   0x00000000   Code   RO         1011    x$fpl$usenofp       fz_ws.l(usenofp.o)(fz_ws.l)
    0x08007656   0x00000018   Data   RO          451    .constdata          rtc.o
    0x0800766e   0x00000600   Data   RO          605    .constdata          oled0561.o
    0x08007c6e   0x00000028   Data   RO          840    .constdata          c_w.l(_printf_hex_int_ll_ptr.o)(c_w.l)
    0x08007c96   0x00000011   Data   RO          858    .constdata          c_w.l(__printf_flags_ss_wp.o)(c_w.l)
    0x08007ca7   0x00000001   PAD
    0x08007ca8   0x00000008   Data   RO          896    .constdata          c_w.l(_printf_wctomb.o)(c_w.l)
    0x08007cb0   0x00000094   Data   RO          973    .constdata          c_w.l(bigflt0.o)(c_w.l)
    0x08007d44   0x00000020   Data   RO         1142    Region$$Table       anon$$obj.o
    0x08007d64   0x0000001c   Data   RO          997    locale$$data        c_w.l(lc_numeric_c.o)(c_w.l)
    0x08007d80   0x00000110   Data   RO         1019    locale$$data        c_w.l(lc_ctype_c.o)(c_w.l)


    Execution Region RW_IRAM1 (Base: 0x20000000, Size: 0x00000878, Max: 0x00005000, ABSOLUTE)

    Base Addr    Size         Type   Attr      Idx    E Section Name        Object

    0x20000000   0x00000014   Data   RW           18    .data               system_stm32f10x.o
    0x20000014   0x00000014   Data   RW          162    .data               stm32f10x_rcc.o
    0x20000028   0x0000000a   Data   RW          452    .data               rtc.o
    0x20000032   0x00000008   Data   RW          485    .data               adc.o
    0x2000003a   0x00000002   PAD
    0x2000003c   0x00000008   Data   RW          519    .data               usart.o
    0x20000044   0x00000004   Data   RW          686    .data               encoder.o
    0x20000048   0x00000040   Zero   RW          303    .bss                main.o
    0x20000088   0x00000190   Zero   RW          518    .bss                usart.o
    0x20000218   0x00000060   Zero   RW         1015    .bss                c_w.l(libspace.o)(c_w.l)
    0x20000278   0x00000200   Zero   RW          296    HEAP                startup_stm32f10x_md.o
    0x20000478   0x00000400   Zero   RW          295    STACK               startup_stm32f10x_md.o


==============================================================================

Image component sizes


      Code (inc. data)   RO Data    RW Data    ZI Data      Debug   Object Name

       316         16          0          8          0          0   adc.o
        96          4          0          0          0          0   buzzer.o
       468         10          0          0          0          0   can.o
       296         14          0          0          0          0   ch376.o
         0          0          0          0          0          0   core_cm3.o
        92          0          0          0          0          0   delay.o
       240         16          0          4          0          0   encoder.o
      1586          6          0          0          0          0   filesys.o
       760         22          0          0          0          0   i2c.o
       100          4          0          0          0          0   key.o
        96          6          0          0          0          0   led.o
       190          0          0          0          0          0   lm75a.o
      3300        738          0          0         64          0   main.o
       248         30          0          0          0          0   misc.o
       156         62          0          0          0          0   my1690.o
       384         36       1536          0          0          0   oled0561.o
       116          0          0          0          0          0   rcc.o
        92          8          0          0          0          0   relay.o
       148          8          0          0          0          0   rs485.o
       828         52         24         10          0          0   rtc.o
       224          8          0          0          0          0   spi.o
        64         26        236          0       1536          0   startup_stm32f10x_md.o
       956          4          0          0          0          0   step_motor.o
      1088         36          0          0          0          0   stm32f10x_adc.o
       196         32          0          0          0          0   stm32f10x_bkp.o
      2580         60          0          0          0          0   stm32f10x_can.o
       584         20          0          0          0          0   stm32f10x_dma.o
      1480         52          0          0          0          0   stm32f10x_flash.o
       856         40          0          0          0          0   stm32f10x_gpio.o
      1008         16          0          0          0          0   stm32f10x_i2c.o
        26          0          0          0          0          0   stm32f10x_it.o
       216         16          0          0          0          0   stm32f10x_pwr.o
       932         52          0         20          0          0   stm32f10x_rcc.o
       376         32          0          0          0          0   stm32f10x_rtc.o
       784         12          0          0          0          0   stm32f10x_spi.o
      1036         20          0          0          0          0   stm32f10x_usart.o
       456         36          0         20          0          0   system_stm32f10x.o
       512         30          0          0          0          0   tm1640.o
       140          6          0          0          0          0   touch_key.o
       692         38          0          8        400          0   usart.o

    ----------------------------------------------------------------------
     23724       1568       1828         72       2000          0   Object Totals
         0          0         32          0          0          0   (incl. Generated)
         6          0          0          2          0          2   (incl. Padding)

    ----------------------------------------------------------------------

      Code (inc. data)   RO Data    RW Data    ZI Data      Debug   Library Member Name

        24          4          0          0          0          0   __2printf.o
         8          0          0          0          0          0   __main.o
       412          6         17          0          0          0   __printf_flags_ss_wp.o
        52          8          0          0          0          0   __scatter.o
        26          0          0          0          0          0   __scatter_copy.o
        28          0          0          0          0          0   __scatter_zi.o
         6          0          0          0          0          0   _printf_a.o
         6          0          0          0          0          0   _printf_c.o
        44          0          0          0          0          0   _printf_char.o
        48          6          0          0          0          0   _printf_char_common.o
        36          4          0          0          0          0   _printf_char_file.o
        42          0          0          0          0          0   _printf_charcount.o
         6          0          0          0          0          0   _printf_d.o
       116         18          0          0          0          0   _printf_dec.o
         6          0          0          0          0          0   _printf_e.o
         6          0          0          0          0          0   _printf_f.o
      1038          0          0          0          0          0   _printf_fp_dec.o
       124         16          0          0          0          0   _printf_fp_infnan.o
         6          0          0          0          0          0   _printf_g.o
       156          6         40          0          0          0   _printf_hex_int_ll_ptr.o
         6          0          0          0          0          0   _printf_i.o
       180          0          0          0          0          0   _printf_intcommon.o
        10          0          0          0          0          0   _printf_l.o
         6          0          0          0          0          0   _printf_lc.o
        10          0          0          0          0          0   _printf_ll.o
         6          0          0          0          0          0   _printf_lld.o
         6          0          0          0          0          0   _printf_lli.o
         6          0          0          0          0          0   _printf_llo.o
         6          0          0          0          0          0   _printf_llu.o
         6          0          0          0          0          0   _printf_llx.o
       120         16          0          0          0          0   _printf_longlong_dec.o
         6          0          0          0          0          0   _printf_ls.o
         6          0          0          0          0          0   _printf_n.o
         6          0          0          0          0          0   _printf_o.o
       120          8          0          0          0          0   _printf_oct_int_ll.o
         6          0          0          0          0          0   _printf_p.o
        80          0          0          0          0          0   _printf_pad.o
         0          0          0          0          0          0   _printf_percent.o
         4          0          0          0          0          0   _printf_percent_end.o
         6          0          0          0          0          0   _printf_s.o
        82          0          0          0          0          0   _printf_str.o
        36          0          0          0          0          0   _printf_truncate.o
         6          0          0          0          0          0   _printf_u.o
        44          0          0          0          0          0   _printf_wchar.o
       188          6          8          0          0          0   _printf_wctomb.o
         6          0          0          0          0          0   _printf_x.o
        16          0          0          0          0          0   _snputc.o
        10          0          0          0          0          0   _sputc.o
        64          0          0          0          0          0   _wcrtomb.o
       236          6        148          0          0          0   bigflt0.o
      1910        128          0          0          0          0   btod.o
        52          6          0          0          0          0   c89vsnprintf.o
        12          0          0          0          0          0   exit.o
         8          0          0          0          0          0   ferror.o
         6          0          0          0          0          0   heapauxi.o
        44         10        272          0          0          0   lc_ctype_c.o
        44         10         28          0          0          0   lc_numeric_c.o
         6          0          0          0          0          0   libinit.o
        30          0          0          0          0          0   libinit2.o
         2          0          0          0          0          0   libshutdown.o
         2          0          0          0          0          0   libshutdown2.o
         8          4          0          0         96          0   libspace.o
       138          0          0          0          0          0   lludiv10.o
        16          4          0          0          0          0   rt_ctype_table.o
        12          4          0          0          0          0   rt_fp_status_addr_intlibspace.o
        12          4          0          0          0          0   rt_locale_intlibspace.o
       100          0          0          0          0          0   rt_memcpy_w.o
         0          0          0          0          0          0   rtentry.o
        12          0          0          0          0          0   rtentry2.o
         6          0          0          0          0          0   rtentry4.o
         2          0          0          0          0          0   rtexit.o
        10          0          0          0          0          0   rtexit2.o
        16          0          0          0          0          0   rtudiv10.o
       128          0          0          0          0          0   strcmpv7m.o
        72          0          0          0          0          0   strcpy.o
        62          0          0          0          0          0   strlen.o
        74          0          0          0          0          0   sys_stackheap_outer.o
         2          0          0          0          0          0   use_no_semi.o
         2          0          0          0          0          0   use_no_semi_2.o
        14          0          0          0          0          0   fpinit.o
         4          0          0          0          0          0   printf1.o
         0          0          0          0          0          0   usenofp.o
        40          0          0          0          0          0   fpclassify.o

    ----------------------------------------------------------------------
      6334        274        514          0         96          0   Library Totals
        14          0          1          0          0          0   (incl. Padding)

    ----------------------------------------------------------------------

      Code (inc. data)   RO Data    RW Data    ZI Data      Debug   Library Name

      6262        274        513          0         96       4388   c_w.l
        18          0          0          0          0        144   fz_ws.l
        40          0          0          0          0         68   m_ws.l

    ----------------------------------------------------------------------
      6334        274        514          0         96          0   Library Totals

    ----------------------------------------------------------------------

==============================================================================


      Code (inc. data)   RO Data    RW Data    ZI Data      Debug   

     30058       1842       2342         72       2096     417832   Grand Totals
     30058       1842       2342         72       2096     417832   ELF Image Totals
     30058       1842       2342         72          0          0   ROM Totals

==============================================================================

    Total RO  Size (Code + RO Data)                32400 (  31.64kB)
    Total RW  Size (RW Data + ZI Data)              2168 (   2.12kB)
    Total ROM Size (Code + RO Data + RW Data)      32472 (  31.71kB)

==============================================================================

